                         CONTACT MAPS FROM PDB FILES                          

Residue-Residue Contacts

ID       - atom identification
I1,I2    - serial residue id
AA       - 3-letter code of aminoacid
C        - chain
I(PDB)   - residue number in PDB file
DCA      - distance between CA
CMs      - OV , CSU , oCSU , rCSU
           (CSU does not take into account chemical properties of atoms)
rCSU     - net contact from rCSU
Count    - number of contacts between residues
MODEL    - model number

      ID    I1  AA  C I(PDB)     I2  AA  C I(PDB)        DCA       CMs    rCSU   Count Model
============================================================================================
R      3     1  LEU A    5     28  TRP A   32      11.8925     0 0 0 1    20      20    0
R      4     1  LEU A    5     37  LEU A   41       7.7303     1 0 0 1   176     176    0
R      5     1  LEU A    5     38  ASP A   42       6.5147     1 0 0 1    15      15    0
R      6     1  LEU A    5     39  TYR A   43       4.3384     1 0 0 1    32      32    0
R      7     1  LEU A    5     40  GLU A   44       6.1571     1 0 0 1   170     170    0
R      8     1  LEU A    5     59  ASP A   63       6.0537     1 0 0 1    12      12    0
R      9     1  LEU A    5     60  LEU A   64       7.9119     1 0 0 1    86      86    0
R     10     1  LEU A    5    192  LEU A  196      10.8297     0 0 0 1    84      84    0
R     13     2  VAL A    6     40  GLU A   44       4.7697     1 0 0 0   -53      53    0
R     14     2  VAL A    6     42  LYS A   46       6.7641     1 0 0 0   -43      43    0
R     16     2  VAL A    6     58  VAL A   62       5.3750     1 0 0 1    41      41    0
R     17     2  VAL A    6     59  ASP A   63       5.5408     1 0 0 1   101     101    0
R     18     2  VAL A    6     60  LEU A   64       6.9539     1 0 0 1    19      19    0
R     23     3  VAL A    7     28  TRP A   32       9.1765     1 0 0 0    -1       1    0
R     24     3  VAL A    7     39  TYR A   43       6.9786     1 0 0 1   171     171    0
R     25     3  VAL A    7     40  GLU A   44       6.0159     1 0 0 0   -28      28    0
R     26     3  VAL A    7     41  LEU A   45       5.1397     1 0 0 1    58      58    0
R     27     3  VAL A    7     42  LYS A   46       6.0579     1 0 0 1   127     127    0
R     28     3  VAL A    7     60  LEU A   64       5.0679     1 0 0 1   131     131    0
R     29     3  VAL A    7     62  LEU A   66       7.4758     1 0 0 1    56      56    0
R     33     4  ALA A    8     42  LYS A   46       4.6485     1 0 0 1     1       1    0
R     34     4  ALA A    8     44  MET A   48       6.9302     1 0 0 1   156     156    0
R     35     4  ALA A    8     49  ILE A   53       7.2611     0 0 0 1    26      26    0
R     36     4  ALA A    8     58  VAL A   62       6.8705     1 0 0 1    60      60    0
R     37     4  ALA A    8     60  LEU A   64       6.5548     1 0 0 1    17      17    0
R     38     4  ALA A    8     61  ALA A   65       4.6949     1 0 0 1    17      17    0
R     39     4  ALA A    8     62  LEU A   66       6.5748     1 0 0 1   141     141    0
R     43     5  THR A    9     13  GLU A   17       7.2334     1 0 0 0   -23      23    0
R     45     5  THR A    9     24  ASP A   28       8.5146     0 0 0 1     6       6    0
R     46     5  THR A    9     25  VAL A   29       8.5820     0 0 0 1    29      29    0
R     47     5  THR A    9     41  LEU A   45       7.3963     1 0 0 0   -50      50    0
R     48     5  THR A    9     42  LYS A   46       6.4370     1 0 0 1    13      13    0
R     49     5  THR A    9     43  PRO A   47       4.9969     1 0 0 0   -59      59    0
R     50     5  THR A    9     44  MET A   48       6.4067     1 0 0 1    92      92    0
R     51     5  THR A    9     49  ILE A   53       7.9429     1 0 0 0     0       0    0
R     52     5  THR A    9     62  LEU A   66       5.5033     1 0 0 0   -78      78    0
R     53     5  THR A    9     63  ALA A   67       4.7726     1 0 0 0     0       0    0
R     58     6  ASP A   10     13  GLU A   17       6.7843     1 0 0 0  -115     115    0
R     59     6  ASP A   10     20  TYR A   24      10.4281     1 0 0 0   -42      42    0
R     61     6  ASP A   10     44  MET A   48       5.6098     1 0 0 0     0       0    0
R     63     6  ASP A   10     46  PHE A   50       5.4356     1 0 0 0   -27      27    0
R     64     6  ASP A   10     49  ILE A   53       8.3920     1 0 0 0     0       0    0
R     65     6  ASP A   10     63  ALA A   67       5.2956     1 0 0 0   -24      24    0
R     70     7  THR A   11     15  LYS A   19       7.6590     0 0 0 1     4       4    0
R     71     7  THR A   11     20  TYR A   24       9.2037     1 0 0 1    15      15    0
R     72     7  THR A   11     43  PRO A   47       5.4003     1 0 0 1    46      46    0
R     74     7  THR A   11     45  ASP A   49       6.1511     0 0 0 1    14      14    0
R     79     8  ALA A   12     13  GLU A   17       5.8144     1 0 0 0     0       0    0
R     80     8  ALA A   12     14  PHE A   18       4.6715     1 0 0 1    46      46    0
R     86     9  PHE A   13     13  GLU A   17       5.3310     1 0 0 0   -24      24    0
R     87     9  PHE A   13     63  ALA A   67       7.4848     1 0 0 0   -19      19    0
R     88     9  PHE A   13     64  GLY A   68       7.5223     1 0 0 0   -26      26    0
R     89     9  PHE A   13    155  PRO A  159      10.4378     0 0 0 1     2       2    0
R     90     9  PHE A   13    181  TYR A  185      13.1849     1 0 0 0   -89      89    0
R     95    10  VAL A   14     14  PHE A   18       6.0052     1 0 0 1   149     149    0
R     98    10  VAL A   14    159  TYR A  163       8.7027     1 0 0 1   124     124    0
R    104    11  PRO A   15     22  GLY A   26       5.2346     1 0 0 0     0       0    0
R    105    11  PRO A   15     23  PHE A   27       6.4249     1 0 0 1    91      91    0
R    108    11  PRO A   15    159  TYR A  163       7.3372     1 0 0 1   238     238    0
R    109    11  PRO A   15    216  TRP A  220       7.0257     1 0 0 1    37      37    0
R    110    11  PRO A   15    217  PHE A  221       8.5827     1 0 0 1   104     104    0
R    115    12  PHE A   16     22  GLY A   26       4.3420     1 0 0 0     0       0    0
R    116    12  PHE A   16     23  PHE A   27       4.5145     1 0 0 1    95      95    0
R    117    12  PHE A   16     24  ASP A   28       5.0372     1 0 0 1     8       8    0
R    118    12  PHE A   16     25  VAL A   29       6.9617     1 0 0 1     6       6    0
R    119    12  PHE A   16     81  TYR A   85      12.2342     0 0 0 1     1       1    0
R    120    12  PHE A   16     82  TYR A   86      10.7858     1 0 0 1   116     116    0
R    121    12  PHE A   16    155  PRO A  159       9.0070     1 0 0 1   104     104    0
R    122    12  PHE A   16    181  TYR A  185      11.1513     1 0 0 1   165     165    0
R    123    12  PHE A   16    217  PHE A  221      10.2628     1 0 0 1    42      42    0
R    124    13  GLU A   17      5  THR A    9       7.2334     1 0 0 1    12      12    0
R    125    13  GLU A   17      6  ASP A   10       6.7843     1 0 0 0  -142     142    0
R    126    13  GLU A   17      8  ALA A   12       5.8144     1 0 0 0     0       0    0
R    127    13  GLU A   17      9  PHE A   13       5.3310     1 0 0 1    11      11    0
R    131    13  GLU A   17     20  TYR A   24       6.4894     1 0 0 1    35      35    0
R    132    13  GLU A   17     21  VAL A   25       5.5001     1 0 0 0     0       0    0
R    133    13  GLU A   17     22  GLY A   26       4.3535     1 0 0 0     0       0    0
R    134    13  GLU A   17     24  ASP A   28       6.1904     1 0 0 0  -172     172    0
R    135    13  GLU A   17     25  VAL A   29       6.1287     1 0 0 1    75      75    0
R    136    13  GLU A   17     62  LEU A   66       9.0562     1 0 0 0   -31      31    0
R    137    13  GLU A   17     63  ALA A   67       7.5125     1 0 0 0     0       0    0
R    139    14  PHE A   18      8  ALA A   12       4.6715     1 0 0 1    12      12    0
R    140    14  PHE A   18     10  VAL A   14       6.0052     1 0 0 1   133     133    0
R    145    14  PHE A   18     20  TYR A   24       5.4777     1 0 0 0    -9       9    0
R    146    14  PHE A   18     21  VAL A   25       5.6215     1 0 0 1   115     115    0
R    147    14  PHE A   18     22  GLY A   26       6.3885     1 0 0 0     0       0    0
R    149    14  PHE A   18    216  TRP A  220      12.5884     1 0 0 1   103     103    0
R    150    15  LYS A   19      7  THR A   11       7.6590     0 0 0 1     2       2    0
R    155    15  LYS A   19     19  LEU A   23       5.7628     1 0 0 0   -54      54    0
R    156    15  LYS A   19     20  TYR A   24       4.3054     1 0 0 1    41      41    0
R    162    16  GLN A   20     21  VAL A   25       6.4503     1 0 0 0    -2       2    0
R    172    19  LEU A   23     15  LYS A   19       5.7628     1 0 0 0   -17      17    0
R    179    20  TYR A   24      6  ASP A   10      10.4281     1 0 0 0   -65      65    0
R    180    20  TYR A   24      7  THR A   11       9.2037     1 0 0 1    21      21    0
R    181    20  TYR A   24     13  GLU A   17       6.4894     1 0 0 1    41      41    0
R    182    20  TYR A   24     14  PHE A   18       5.4777     1 0 0 0   -32      32    0
R    183    20  TYR A   24     15  LYS A   19       4.3054     1 0 0 1    17      17    0
R    187    20  TYR A   24     25  VAL A   29       7.1748     1 0 0 0   -40      40    0
R    188    20  TYR A   24     41  LEU A   45       9.0166     1 0 0 1   111     111    0
R    189    20  TYR A   24     43  PRO A   47       9.1396     1 0 0 1    61      61    0
R    190    21  VAL A   25     13  GLU A   17       5.5001     1 0 0 0     0       0    0
R    191    21  VAL A   25     14  PHE A   18       5.6215     1 0 0 1   158     158    0
R    192    21  VAL A   25     16  GLN A   20       6.4503     1 0 0 1    46      46    0
R    196    21  VAL A   25     25  VAL A   29       5.6926     1 0 0 0    -4       4    0
R    199    21  VAL A   25    216  TRP A  220      10.4488     1 0 0 1   127     127    0
R    200    22  GLY A   26     11  PRO A   15       5.2346     1 0 0 0     0       0    0
R    201    22  GLY A   26     12  PHE A   16       4.3420     1 0 0 0     0       0    0
R    202    22  GLY A   26     13  GLU A   17       4.3535     1 0 0 0     0       0    0
R    203    22  GLY A   26     14  PHE A   18       6.3885     1 0 0 0     0       0    0
R    208    22  GLY A   26     26  ASP A   30       6.1596     1 0 0 1   127     127    0
R    209    22  GLY A   26    216  TRP A  220       7.5705     1 0 0 0    -1       1    0
R    210    23  PHE A   27     11  PRO A   15       6.4249     1 0 0 1     6       6    0
R    211    23  PHE A   27     12  PHE A   16       4.5145     1 0 0 1    73      73    0
R    216    23  PHE A   27     27  LEU A   31       5.8827     1 0 0 1   125     125    0
R    217    23  PHE A   27     81  TYR A   85      10.7184     1 0 0 1   120     120    0
R    218    23  PHE A   27     82  TYR A   86      10.0055     1 0 0 1    81      81    0
R    219    23  PHE A   27    209  TYR A  213      10.0520     1 0 0 1    87      87    0
R    220    23  PHE A   27    212  ILE A  216       6.9838     1 0 0 1    57      57    0
R    221    23  PHE A   27    213  TYR A  217       7.3202     1 0 0 1    19      19    0
R    222    23  PHE A   27    216  TRP A  220       6.6150     1 0 0 1    20      20    0
R    223    23  PHE A   27    217  PHE A  221       9.0146     1 0 0 1   147     147    0
R    224    24  ASP A   28      5  THR A    9       8.5146     0 0 0 1     6       6    0
R    225    24  ASP A   28     12  PHE A   16       5.0372     1 0 0 0   -70      70    0
R    226    24  ASP A   28     13  GLU A   17       6.1904     1 0 0 0  -152     152    0
R    232    24  ASP A   28     28  TRP A   32       6.0379     1 0 0 1   112     112    0
R    233    24  ASP A   28     62  LEU A   66       6.3052     1 0 0 0   -58      58    0
R    234    24  ASP A   28     63  ALA A   67       7.2654     1 0 0 0     0       0    0
R    235    24  ASP A   28     64  GLY A   68       7.4987     1 0 0 1   132     132    0
R    236    24  ASP A   28     81  TYR A   85       9.6416     1 0 0 1    51      51    0
R    237    25  VAL A   29      5  THR A    9       8.5820     0 0 0 1    24      24    0
R    238    25  VAL A   29     12  PHE A   16       6.9617     1 0 0 0     0       0    0
R    239    25  VAL A   29     13  GLU A   17       6.1287     1 0 0 1   123     123    0
R    240    25  VAL A   29     20  TYR A   24       7.1748     1 0 0 0   -40      40    0
R    241    25  VAL A   29     21  VAL A   25       5.6926     1 0 0 0   -53      53    0
R    248    25  VAL A   29     29  ALA A   33       6.4263     1 0 0 1    49      49    0
R    249    25  VAL A   29     39  TYR A   43      12.3227     0 0 0 1     4       4    0
R    250    25  VAL A   29     41  LEU A   45       9.1449     0 0 0 1    75      75    0
R    252    26  ASP A   30     22  GLY A   26       6.1596     1 0 0 1    10      10    0
R    259    26  ASP A   30     30  ALA A   34       6.3952     1 0 0 1    71      71    0
R    260    26  ASP A   30    212  ILE A  216       7.3368     1 0 0 1    66      66    0
R    261    26  ASP A   30    215  LYS A  219      10.2745     1 0 0 1   167     167    0
R    262    26  ASP A   30    216  TRP A  220      10.1352     1 0 0 1    76      76    0
R    263    27  LEU A   31     23  PHE A   27       5.8827     1 0 0 1     1       1    0
R    270    27  LEU A   31     31  ILE A   35       6.4073     1 0 0 1   123     123    0
R    271    27  LEU A   31     62  LEU A   66       9.3145     1 0 0 1    47      47    0
R    272    27  LEU A   31     81  TYR A   85       9.1958     1 0 0 1   201     201    0
R    273    27  LEU A   31    183  ILE A  187      10.6327     0 0 0 1     7       7    0
R    274    27  LEU A   31    200  LEU A  204       9.1528     0 0 0 1    28      28    0
R    275    27  LEU A   31    203  LEU A  207       9.2765     1 0 0 1    81      81    0
R    276    27  LEU A   31    209  TYR A  213       7.8013     0 0 0 1    82      82    0
R    277    27  LEU A   31    212  ILE A  216       7.3870     1 0 0 1    45      45    0
R    278    28  TRP A   32      1  LEU A    5      11.8925     0 0 0 1    24      24    0
R    279    28  TRP A   32      3  VAL A    7       9.1765     1 0 0 1    28      28    0
R    280    28  TRP A   32     24  ASP A   28       6.0379     1 0 0 0   -21      21    0
R    287    28  TRP A   32     32  ALA A   36       5.9090     1 0 0 1   191     191    0
R    288    28  TRP A   32     37  LEU A   41      10.3067     1 0 0 1   133     133    0
R    289    28  TRP A   32     39  TYR A   43      10.2257     1 0 0 0   -33      33    0
R    290    28  TRP A   32     41  LEU A   45      10.2814     0 0 0 1     9       9    0
R    291    28  TRP A   32     60  LEU A   64      10.5695     1 0 0 1   137     137    0
R    292    28  TRP A   32     62  LEU A   66       7.9470     1 0 0 1   134     134    0
R    293    28  TRP A   32    183  ILE A  187       9.3603     0 0 0 1    14      14    0
R    294    28  TRP A   32    192  LEU A  196      13.4270     0 0 0 1     5       5    0
R    295    28  TRP A   32    196  VAL A  200       9.3351     1 0 0 1    93      93    0
R    296    29  ALA A   33     25  VAL A   29       6.4263     1 0 0 0   -50      50    0
R    303    29  ALA A   33     33  LYS A   37       6.2147     1 0 0 1    82      82    0
R    304    29  ALA A   33     39  TYR A   43       9.4704     1 0 0 0   -48      48    0
R    305    30  ALA A   34     26  ASP A   30       6.3952     1 0 0 0   -30      30    0
R    312    30  ALA A   34     34  GLU A   38       6.3478     1 0 0 1    10      10    0
R    313    30  ALA A   34    203  LEU A  207       8.0051     1 0 0 1    92      92    0
R    314    30  ALA A   34    208  THR A  212       8.3545     1 0 0 1    29      29    0
R    315    30  ALA A   34    212  ILE A  216       9.6432     1 0 0 1    52      52    0
R    316    31  ILE A   35     27  LEU A   31       6.4073     1 0 0 0   -12      12    0
R    323    31  ILE A   35     35  LEU A   39       6.3847     1 0 0 1   176     176    0
R    324    31  ILE A   35     62  LEU A   66      12.0494     0 0 0 1     1       1    0
R    325    31  ILE A   35    183  ILE A  187      11.4686     1 0 0 1    63      63    0
R    326    31  ILE A   35    196  VAL A  200       6.8483     1 0 0 1    93      93    0
R    327    31  ILE A   35    199  ALA A  203       5.9232     1 0 0 1    51      51    0
R    328    31  ILE A   35    200  LEU A  204       6.7522     1 0 0 1    79      79    0
R    329    31  ILE A   35    203  LEU A  207       7.7148     1 0 0 1    71      71    0
R    330    32  ALA A   36     28  TRP A   32       5.9090     1 0 0 0   -28      28    0
R    337    32  ALA A   36     36  LYS A   40       5.8356     1 0 0 1   128     128    0
R    338    32  ALA A   36     37  LEU A   41       5.0246     1 0 0 1    46      46    0
R    339    32  ALA A   36     39  TYR A   43       8.1659     1 0 0 1   153     153    0
R    340    33  LYS A   37     29  ALA A   33       6.2147     1 0 0 1     3       3    0
R    348    33  LYS A   37    203  LEU A  207      11.0775     1 0 0 0   -69      69    0
R    351    34  GLU A   38     30  ALA A   34       6.3478     1 0 0 0    -5       5    0
R    357    34  GLU A   38    199  ALA A  203       6.5539     1 0 0 1    69      69    0
R    359    34  GLU A   38    203  LEU A  207       8.7845     1 0 0 1    59      59    0
R    360    34  GLU A   38    206  ASN A  210      12.0048     0 0 0 1    30      30    0
R    361    35  LEU A   39     31  ILE A   35       6.3847     1 0 0 1    69      69    0
R    368    35  LEU A   39    195  LYS A  199       7.6978     1 0 0 0   -49      49    0
R    369    35  LEU A   39    196  VAL A  200       7.8437     1 0 0 1    14      14    0
R    370    35  LEU A   39    199  ALA A  203       7.1954     1 0 0 1    54      54    0
R    371    36  LYS A   40     32  ALA A   36       5.8356     1 0 0 1    30      30    0
R    377    37  LEU A   41      1  LEU A    5       7.7303     1 0 0 1   131     131    0
R    378    37  LEU A   41     28  TRP A   32      10.3067     1 0 0 1    89      89    0
R    379    37  LEU A   41     32  ALA A   36       5.0246     1 0 0 0   -26      26    0
R    385    37  LEU A   41    192  LEU A  196      10.7515     1 0 0 1    49      49    0
R    386    37  LEU A   41    195  LYS A  199      10.8343     0 0 0 1    16      16    0
R    387    38  ASP A   42      1  LEU A    5       6.5147     1 0 0 1    49      49    0
R    391    39  TYR A   43      1  LEU A    5       4.3384     1 0 0 1    24      24    0
R    392    39  TYR A   43      3  VAL A    7       6.9786     1 0 0 1   114     114    0
R    393    39  TYR A   43     25  VAL A   29      12.3227     0 0 0 1     4       4    0
R    394    39  TYR A   43     28  TRP A   32      10.2257     1 0 0 0   -69      69    0
R    395    39  TYR A   43     29  ALA A   33       9.4704     1 0 0 0   -28      28    0
R    396    39  TYR A   43     32  ALA A   36       8.1659     1 0 0 1   108     108    0
R    401    40  GLU A   44      1  LEU A    5       6.1571     1 0 0 1    17      17    0
R    402    40  GLU A   44      2  VAL A    6       4.7697     1 0 0 0   -38      38    0
R    403    40  GLU A   44      3  VAL A    7       6.0159     1 0 0 1   150     150    0
R    407    41  LEU A   45      3  VAL A    7       5.1397     1 0 0 1    20      20    0
R    408    41  LEU A   45      5  THR A    9       7.3963     1 0 0 0   -78      78    0
R    409    41  LEU A   45     20  TYR A   24       9.0166     1 0 0 1   125     125    0
R    410    41  LEU A   45     25  VAL A   29       9.1449     0 0 0 1    76      76    0
R    411    41  LEU A   45     28  TRP A   32      10.2814     0 0 0 1     5       5    0
R    416    42  LYS A   46      2  VAL A    6       6.7641     1 0 0 1    37      37    0
R    417    42  LYS A   46      3  VAL A    7       6.0579     1 0 0 1    42      42    0
R    418    42  LYS A   46      4  ALA A    8       4.6485     1 0 0 0   -17      17    0
R    419    42  LYS A   46      5  THR A    9       6.4370     1 0 0 1    11      11    0
R    425    42  LYS A   46     58  VAL A   62       8.6559     0 0 0 1    17      17    0
R    426    43  PRO A   47      5  THR A    9       4.9969     1 0 0 0   -82      82    0
R    428    43  PRO A   47      7  THR A   11       5.4003     1 0 0 1    33      33    0
R    429    43  PRO A   47     20  TYR A   24       9.1396     1 0 0 1    51      51    0
R    433    44  MET A   48      4  ALA A    8       6.9302     1 0 0 1   123     123    0
R    434    44  MET A   48      5  THR A    9       6.4067     1 0 0 0   -53      53    0
R    435    44  MET A   48      6  ASP A   10       5.6098     1 0 0 0     0       0    0
R    442    44  MET A   48     49  ILE A   53       7.4194     1 0 0 1    59      59    0
R    443    44  MET A   48     52  ALA A   56      10.1090     0 0 0 1     3       3    0
R    444    44  MET A   48     58  VAL A   62      11.0664     1 0 0 1    83      83    0
R    446    45  ASP A   49      7  THR A   11       6.1511     0 0 0 1    24      24    0
R    451    45  ASP A   49     49  ILE A   53       7.0636     1 0 0 0    -2       2    0
R    452    46  PHE A   50      6  ASP A   10       5.4356     1 0 0 0   -53      53    0
R    458    46  PHE A   50     50  ILE A   54       7.9812     0 0 0 1    39      39    0
R    459    46  PHE A   50     63  ALA A   67       7.3324     1 0 0 1    29      29    0
R    461    46  PHE A   50     65  ILE A   69       9.2821     1 0 0 1   141     141    0
R    462    46  PHE A   50     71  ARG A   75      13.6774     1 0 0 0  -133     133    0
R    467    47  SER A   51     51  PRO A   55       7.6655     1 0 0 0  -125     125    0
R    475    48  GLY A   52     52  ALA A   56       6.0031     1 0 0 1    75      75    0
R    476    49  ILE A   53      4  ALA A    8       7.2611     0 0 0 1     9       9    0
R    477    49  ILE A   53      5  THR A    9       7.9429     1 0 0 0   -13      13    0
R    478    49  ILE A   53      6  ASP A   10       8.3920     1 0 0 0    -2       2    0
R    479    49  ILE A   53     44  MET A   48       7.4194     1 0 0 1    90      90    0
R    480    49  ILE A   53     45  ASP A   49       7.0636     1 0 0 0     0       0    0
R    487    49  ILE A   53     53  LEU A   57       6.1373     1 0 0 1    87      87    0
R    489    49  ILE A   53     61  ALA A   65       7.3978     1 0 0 1    99      99    0
R    490    49  ILE A   53     63  ALA A   67       8.5830     1 0 0 1   123     123    0
R    491    49  ILE A   53     65  ILE A   69      10.0087     1 0 0 1    59      59    0
R    492    50  ILE A   54     46  PHE A   50       7.9812     0 0 0 1    33      33    0
R    498    50  ILE A   54     54  GLN A   58       6.1597     1 0 0 1    28      28    0
R    499    50  ILE A   54     65  ILE A   69      10.1026     0 0 0 1    21      21    0
R    500    50  ILE A   54     71  ARG A   75       8.8194     1 0 0 1    27      27    0
R    501    50  ILE A   54     74  ALA A   78       7.6059     1 0 0 1    67      67    0
R    502    50  ILE A   54     75  ILE A   79       7.5101     1 0 0 1   128     128    0
R    504    51  PRO A   55     47  SER A   51       7.6655     1 0 0 0  -102     102    0
R    511    51  PRO A   55     55  THR A   59       6.6531     1 0 0 1    15      15    0
R    512    52  ALA A   56     44  MET A   48      10.1090     0 0 0 1     1       1    0
R    513    52  ALA A   56     48  GLY A   52       6.0031     1 0 0 0   -44      44    0
R    520    52  ALA A   56     56  LYS A   60       6.0279     1 0 0 1    10      10    0
R    521    52  ALA A   56     57  ASN A   61       5.1635     1 0 0 1   202     202    0
R    522    52  ALA A   56     58  VAL A   62       5.9436     1 0 0 1   111     111    0
R    523    53  LEU A   57     49  ILE A   53       6.1373     1 0 0 0   -35      35    0
R    530    53  LEU A   57     58  VAL A   62       5.3940     1 0 0 1   101     101    0
R    531    53  LEU A   57     59  ASP A   63       6.5074     1 0 0 0     0       0    0
R    532    53  LEU A   57     60  LEU A   64       6.8089     1 0 0 0     0       0    0
R    533    53  LEU A   57     61  ALA A   65       7.9216     1 0 0 1    44      44    0
R    534    53  LEU A   57     75  ILE A   79       7.7896     1 0 0 1    96      96    0
R    535    53  LEU A   57    184  ALA A  188       8.1146     1 0 0 1   125     125    0
R    536    53  LEU A   57    185  PHE A  189       6.8543     1 0 0 0     0       0    0
R    537    53  LEU A   57    186  PRO A  190       5.4360     1 0 0 0   -35      35    0
R    538    54  GLN A   58     50  ILE A   54       6.1597     1 0 0 0  -105     105    0
R    544    54  GLN A   58     74  ALA A   78       7.3191     1 0 0 0   -81      81    0
R    545    54  GLN A   58     75  ILE A   79       7.1171     1 0 0 1    14      14    0
R    547    55  THR A   59     51  PRO A   55       6.6531     1 0 0 0   -59      59    0
R    553    56  LYS A   60     52  ALA A   56       6.0279     1 0 0 1     2       2    0
R    560    56  LYS A   60    186  PRO A  190       6.5912     1 0 0 1    52      52    0
R    561    56  LYS A   60    187  LYS A  191       9.2938     0 0 0 1    64      64    0
R    564    57  ASN A   61     52  ALA A   56       5.1635     1 0 0 1    36      36    0
R    568    58  VAL A   62      2  VAL A    6       5.3750     1 0 0 1    57      57    0
R    569    58  VAL A   62      4  ALA A    8       6.8705     1 0 0 1    50      50    0
R    570    58  VAL A   62     42  LYS A   46       8.6559     0 0 0 1    16      16    0
R    571    58  VAL A   62     44  MET A   48      11.0664     1 0 0 1   122     122    0
R    573    58  VAL A   62     52  ALA A   56       5.9436     1 0 0 0    -4       4    0
R    574    58  VAL A   62     53  LEU A   57       5.3940     1 0 0 1    78      78    0
R    580    58  VAL A   62    186  PRO A  190       8.5255     1 0 0 0   -52      52    0
R    581    59  ASP A   63      1  LEU A    5       6.0537     1 0 0 1    19      19    0
R    582    59  ASP A   63      2  VAL A    6       5.5408     1 0 0 1    92      92    0
R    583    59  ASP A   63     53  LEU A   57       6.5074     1 0 0 0     0       0    0
R    588    59  ASP A   63    186  PRO A  190       6.8594     1 0 0 0  -102     102    0
R    589    59  ASP A   63    189  SER A  193       8.8579     0 0 0 1     6       6    0
R    591    60  LEU A   64      1  LEU A    5       7.9119     1 0 0 1   100     100    0
R    592    60  LEU A   64      2  VAL A    6       6.9539     1 0 0 0     0       0    0
R    593    60  LEU A   64      3  VAL A    7       5.0679     1 0 0 1   135     135    0
R    594    60  LEU A   64      4  ALA A    8       6.5548     1 0 0 1   118     118    0
R    595    60  LEU A   64     28  TRP A   32      10.5695     1 0 0 1    99      99    0
R    596    60  LEU A   64     53  LEU A   57       6.8089     1 0 0 0     0       0    0
R    601    60  LEU A   64    183  ILE A  187       7.1251     1 0 0 1    19      19    0
R    602    60  LEU A   64    184  ALA A  188       5.5904     1 0 0 0   -37      37    0
R    603    60  LEU A   64    185  PHE A  189       4.6844     1 0 0 1    97      97    0
R    604    60  LEU A   64    192  LEU A  196       9.7520     1 0 0 1    33      33    0
R    606    61  ALA A   65      4  ALA A    8       4.6949     1 0 0 0   -21      21    0
R    607    61  ALA A   65     49  ILE A   53       7.3978     1 0 0 1   129     129    0
R    608    61  ALA A   65     53  LEU A   57       7.9216     1 0 0 1    64      64    0
R    612    61  ALA A   65     65  ILE A   69       8.5751     1 0 0 1    18      18    0
R    613    61  ALA A   65    183  ILE A  187       5.9481     1 0 0 0   -40      40    0
R    614    61  ALA A   65    184  ALA A  188       5.2600     1 0 0 1   149     149    0
R    615    62  LEU A   66      3  VAL A    7       7.4758     1 0 0 1    23      23    0
R    616    62  LEU A   66      4  ALA A    8       6.5748     1 0 0 1    36      36    0
R    617    62  LEU A   66      5  THR A    9       5.5033     1 0 0 0  -111     111    0
R    618    62  LEU A   66     13  GLU A   17       9.0562     1 0 0 0    -2       2    0
R    619    62  LEU A   66     24  ASP A   28       6.3052     1 0 0 0  -197     197    0
R    620    62  LEU A   66     27  LEU A   31       9.3145     1 0 0 1    62      62    0
R    621    62  LEU A   66     28  TRP A   32       7.9470     1 0 0 1   160     160    0
R    622    62  LEU A   66     31  ILE A   35      12.0494     0 0 0 1     1       1    0
R    630    62  LEU A   66    183  ILE A  187       5.2357     1 0 0 1   143     143    0
R    631    63  ALA A   67      5  THR A    9       4.7726     1 0 0 0     0       0    0
R    632    63  ALA A   67      6  ASP A   10       5.2956     1 0 0 0   -91      91    0
R    633    63  ALA A   67      9  PHE A   13       7.4848     1 0 0 0   -44      44    0
R    634    63  ALA A   67     13  GLU A   17       7.5125     1 0 0 0    -6       6    0
R    635    63  ALA A   67     24  ASP A   28       7.2654     1 0 0 0     0       0    0
R    636    63  ALA A   67     46  PHE A   50       7.3324     1 0 0 1    11      11    0
R    637    63  ALA A   67     49  ILE A   53       8.5830     1 0 0 1   100     100    0
R    642    64  GLY A   68      9  PHE A   13       7.5223     1 0 0 0   -64      64    0
R    644    64  GLY A   68     24  ASP A   28       7.4987     1 0 0 1    67      67    0
R    650    64  GLY A   68     81  TYR A   85       9.8119     0 0 0 1     8       8    0
R    651    64  GLY A   68    181  TYR A  185       5.9221     1 0 0 0   -35      35    0
R    652    65  ILE A   69     46  PHE A   50       9.2821     1 0 0 1    66      66    0
R    653    65  ILE A   69     49  ILE A   53      10.0087     1 0 0 1    49      49    0
R    654    65  ILE A   69     50  ILE A   54      10.1026     0 0 0 1    18      18    0
R    655    65  ILE A   69     61  ALA A   65       8.5751     1 0 0 0    -9       9    0
R    660    65  ILE A   69     71  ARG A   75       9.6986     1 0 0 0    -7       7    0
R    661    65  ILE A   69     75  ILE A   79      11.5432     0 0 0 1     9       9    0
R    662    65  ILE A   69     77  PHE A   81       9.4312     1 0 0 1   107     107    0
R    663    65  ILE A   69     81  TYR A   85      10.3606     0 0 0 1     5       5    0
R    664    65  ILE A   69    181  TYR A  185       5.2533     1 0 0 0   -10      10    0
R    665    65  ILE A   69    182  GLY A  186       5.8029     1 0 0 1   136     136    0
R    666    65  ILE A   69    184  ALA A  188       7.6971     1 0 0 1   102     102    0
R    671    66  THR A   70     71  ARG A   75       8.5730     1 0 0 1    78      78    0
R    672    66  THR A   70     77  PHE A   81       9.4453     1 0 0 0   -30      30    0
R    673    66  THR A   70    179  GLN A  183       7.0047     1 0 0 0   -49      49    0
R    674    66  THR A   70    180  GLN A  184       5.8018     1 0 0 0   -35      35    0
R    675    66  THR A   70    181  TYR A  185       4.4747     1 0 0 0   -85      85    0
R    679    67  ILE A   71     72  LYS A   76       7.3670     1 0 0 0   -64      64    0
R    680    67  ILE A   71     77  PHE A   81       7.1119     1 0 0 1   151     151    0
R    682    67  ILE A   71     80  GLY A   84       7.8258     1 0 0 0    -5       5    0
R    684    67  ILE A   71    180  GLN A  184       6.0670     1 0 0 1    47      47    0
R    685    67  ILE A   71    181  TYR A  185       5.8416     1 0 0 0   -59      59    0
R    686    67  ILE A   71    182  GLY A  186       5.8084     1 0 0 0     0       0    0
R    692    68  THR A   72     72  LYS A   76       6.5457     1 0 0 1    53      53    0
R    699    69  ASP A   73     73  LYS A   77       6.8235     1 0 0 1     3       3    0
R    706    71  ARG A   75     46  PHE A   50      13.6774     1 0 0 0  -160     160    0
R    707    71  ARG A   75     50  ILE A   54       8.8194     1 0 0 1    57      57    0
R    708    71  ARG A   75     65  ILE A   69       9.6986     1 0 0 0    -3       3    0
R    709    71  ARG A   75     66  THR A   70       8.5730     1 0 0 1    30      30    0
R    716    71  ARG A   75     75  ILE A   79       6.3621     1 0 0 1    10      10    0
R    717    71  ARG A   75     77  PHE A   81       9.2272     1 0 0 1    48      48    0
R    718    72  LYS A   76     67  ILE A   71       7.3670     1 0 0 0    -2       2    0
R    719    72  LYS A   76     68  THR A   72       6.5457     1 0 0 0   -27      27    0
R    727    72  LYS A   76     77  PHE A   81       7.4745     1 0 0 1    68      68    0
R    728    72  LYS A   76    187  LYS A  191       9.3643     1 0 0 1    71      71    0
R    729    73  LYS A   77     69  ASP A   73       6.8235     1 0 0 0   -28      28    0
R    735    73  LYS A   77    187  LYS A  191       9.4986     1 0 0 0    -4       4    0
R    736    74  ALA A   78     50  ILE A   54       7.6059     1 0 0 1    82      82    0
R    737    74  ALA A   78     54  GLN A   58       7.3191     1 0 0 0  -146     146    0
R    744    75  ILE A   79     50  ILE A   54       7.5101     1 0 0 1   181     181    0
R    745    75  ILE A   79     53  LEU A   57       7.7896     1 0 0 1    99      99    0
R    746    75  ILE A   79     54  GLN A   58       7.1171     1 0 0 1    16      16    0
R    747    75  ILE A   79     65  ILE A   69      11.5432     0 0 0 1     6       6    0
R    748    75  ILE A   79     71  ARG A   75       6.3621     1 0 0 0   -59      59    0
R    754    75  ILE A   79    184  ALA A  188       6.6195     1 0 0 1   109     109    0
R    755    75  ILE A   79    185  PHE A  189       6.1637     1 0 0 0   -52      52    0
R    756    75  ILE A   79    186  PRO A  190       5.3102     0 0 0 1    16      16    0
R    757    75  ILE A   79    187  LYS A  191       5.4234     1 0 0 1    50      50    0
R    761    76  ASP A   80    184  ALA A  188       5.7393     1 0 0 0     0       0    0
R    762    76  ASP A   80    185  PHE A  189       5.2744     1 0 0 1   171     171    0
R    764    76  ASP A   80    187  LYS A  191       5.6744     1 0 0 1   160     160    0
R    765    76  ASP A   80    188  GLY A  192       8.3159     0 0 0 1    25      25    0
R    766    76  ASP A   80    189  SER A  193       7.9800     0 0 0 1     5       5    0
R    768    76  ASP A   80    193  ARG A  197       8.3375     1 0 0 1    30      30    0
R    769    77  PHE A   81     65  ILE A   69       9.4312     1 0 0 1   122     122    0
R    770    77  PHE A   81     66  THR A   70       9.4453     1 0 0 0   -24      24    0
R    771    77  PHE A   81     67  ILE A   71       7.1119     1 0 0 1   140     140    0
R    773    77  PHE A   81     71  ARG A   75       9.2272     1 0 0 1    38      38    0
R    774    77  PHE A   81     72  LYS A   76       7.4745     1 0 0 1   112     112    0
R    778    77  PHE A   81    182  GLY A  186       5.5240     1 0 0 0    -6       6    0
R    779    77  PHE A   81    183  ILE A  187       5.2988     1 0 0 0   -10      10    0
R    780    77  PHE A   81    184  ALA A  188       4.6518     1 0 0 1     5       5    0
R    782    77  PHE A   81    193  ARG A  197       7.5644     1 0 0 1     2       2    0
R    789    78  SER A   82    183  ILE A  187       5.2401     1 0 0 1    96      96    0
R    790    78  SER A   82    185  PHE A  189       7.8222     1 0 0 0   -11      11    0
R    791    78  SER A   82    193  ARG A  197       5.8711     1 0 0 0     0       0    0
R    793    78  SER A   82    197  ASN A  201       5.8633     1 0 0 0     0       0    0
R    801    79  ASP A   83    197  ASN A  201       6.0753     1 0 0 1    29      29    0
R    802    79  ASP A   83    200  LEU A  204       8.0910     1 0 0 1    14      14    0
R    805    80  GLY A   84     67  ILE A   71       7.8258     1 0 0 0   -19      19    0
R    810    80  GLY A   84    180  GLN A  184       5.4029     1 0 0 0    -8       8    0
R    811    80  GLY A   84    181  TYR A  185       5.3977     1 0 0 0     0       0    0
R    813    80  GLY A   84    204  ARG A  208      11.9506     1 0 0 1   173     173    0
R    814    81  TYR A   85     12  PHE A   16      12.2342     0 0 0 1     1       1    0
R    815    81  TYR A   85     23  PHE A   27      10.7184     1 0 0 1    49      49    0
R    816    81  TYR A   85     24  ASP A   28       9.6416     1 0 0 1    34      34    0
R    817    81  TYR A   85     27  LEU A   31       9.1958     1 0 0 1   111     111    0
R    819    81  TYR A   85     64  GLY A   68       9.8119     0 0 0 1    51      51    0
R    820    81  TYR A   85     65  ILE A   69      10.3606     0 0 0 1     3       3    0
R    824    81  TYR A   85    181  TYR A  185       5.8690     1 0 0 0   -35      35    0
R    825    81  TYR A   85    182  GLY A  186       6.0730     1 0 0 0   -64      64    0
R    826    81  TYR A   85    183  ILE A  187       7.9642     1 0 0 1    75      75    0
R    827    81  TYR A   85    200  LEU A  204       7.6968     1 0 0 1   123     123    0
R    828    81  TYR A   85    204  ARG A  208       9.6762     1 0 0 0     0       0    0
R    829    81  TYR A   85    209  TYR A  213       9.0290     1 0 0 1   105     105    0
R    830    82  TYR A   86     12  PHE A   16      10.7858     1 0 0 1    45      45    0
R    831    82  TYR A   86     23  PHE A   27      10.0055     1 0 0 1    75      75    0
R    836    82  TYR A   86    154  THR A  158      10.3086     1 0 0 0   -42      42    0
R    837    82  TYR A   86    155  PRO A  159       9.7841     1 0 0 0   -41      41    0
R    839    82  TYR A   86    180  GLN A  184       5.4240     1 0 0 1     8       8    0
R    840    82  TYR A   86    181  TYR A  185       5.0923     1 0 0 1   316     316    0
R    841    82  TYR A   86    209  TYR A  213      10.0679     1 0 0 0    -4       4    0
R    842    82  TYR A   86    213  TYR A  217       9.3341     1 0 0 1   188     188    0
R    843    82  TYR A   86    217  PHE A  221      11.6187     1 0 0 1    17      17    0
R    848    83  LYS A   87    174  ASP A  178       9.9711     1 0 0 1   158     158    0
R    849    83  LYS A   87    175  SER A  179       7.6019     0 0 0 1     8       8    0
R    850    83  LYS A   87    178  ALA A  182       6.2654     0 0 0 1    31      31    0
R    851    83  LYS A   87    179  GLN A  183       5.9100     1 0 0 0    -1       1    0
R    852    83  LYS A   87    180  GLN A  184       4.7344     1 0 0 0   -50      50    0
R    854    83  LYS A   87    213  TYR A  217      11.1591     1 0 0 1    31      31    0
R    860    84  SER A   88    154  THR A  158       5.6804     1 0 0 0     0       0    0
R    861    84  SER A   88    155  PRO A  159       7.0294     1 0 0 0  -116     116    0
R    862    84  SER A   88    175  SER A  179       6.6642     1 0 0 0     0       0    0
R    863    84  SER A   88    178  ALA A  182       5.3149     1 0 0 0   -24      24    0
R    864    84  SER A   88    179  GLN A  183       5.2665     1 0 0 1    49      49    0
R    865    84  SER A   88    181  TYR A  185       7.1947     1 0 0 1    52      52    0
R    868    85  GLY A   89    153  ASP A  157       5.6974     1 0 0 0   -16      16    0
R    869    85  GLY A   89    154  THR A  158       5.7330     1 0 0 1   138     138    0
R    870    85  GLY A   89    175  SER A  179       5.0380     1 0 0 0     0       0    0
R    871    85  GLY A   89    176  LEU A  180       5.2733     1 0 0 0     0       0    0
R    872    85  GLY A   89    177  GLU A  181       5.1688     1 0 0 0     0       0    0
R    873    85  GLY A   89    178  ALA A  182       3.8879     1 0 0 0     0       0    0
R    877    86  LEU A   90    115  GLY A  119       8.1496     1 0 0 0   -46      46    0
R    878    86  LEU A   90    116  SER A  120       6.9249     1 0 0 0   -36      36    0
R    879    86  LEU A   90    119  TYR A  123       8.9307     1 0 0 1   159     159    0
R    880    86  LEU A   90    151  LEU A  155       6.6297     0 0 0 1    52      52    0
R    881    86  LEU A   90    152  HIS A  156       5.4430     1 0 0 0   -34      34    0
R    882    86  LEU A   90    153  ASP A  157       4.3569     1 0 0 1    11      11    0
R    885    86  LEU A   90    175  SER A  179       5.2806     1 0 0 0     0       0    0
R    886    86  LEU A   90    176  LEU A  180       4.8349     1 0 0 1   157     157    0
R    887    86  LEU A   90    177  GLU A  181       6.3198     1 0 0 1    74      74    0
R    894    87  LEU A   91    151  LEU A  155       5.7427     1 0 0 0    -3       3    0
R    895    87  LEU A   91    152  HIS A  156       5.7955     1 0 0 1    48      48    0
R    896    87  LEU A   91    154  THR A  158       5.2335     1 0 0 1    67      67    0
R    897    87  LEU A   91    157  ILE A  161       7.3626     1 0 0 1   130     130    0
R    898    87  LEU A   91    158  LEU A  162       8.5844     1 0 0 1    83      83    0
R    899    87  LEU A   91    171  ALA A  175       7.0048     1 0 0 1    33      33    0
R    900    87  LEU A   91    172  VAL A  176       7.1768     1 0 0 0   -82      82    0
R    902    87  LEU A   91    174  ASP A  178       6.1315     1 0 0 0   -14      14    0
R    908    88  VAL A   92     97  VAL A  101       9.2822     0 0 0 1     2       2    0
R    909    88  VAL A   92     99  SER A  103       6.9479     1 0 0 0   -15      15    0
R    910    88  VAL A   92    101  LYS A  105      10.2901     1 0 0 0   -30      30    0
R    911    88  VAL A   92    149  ALA A  153       6.6460     1 0 0 1    15      15    0
R    912    88  VAL A   92    150  VAL A  154       5.9680     1 0 0 0    -4       4    0
R    913    88  VAL A   92    151  LEU A  155       4.8825     1 0 0 1    74      74    0
R    915    88  VAL A   92    171  ALA A  175       5.5414     1 0 0 0   -19      19    0
R    916    88  VAL A   92    172  VAL A  176       5.5020     1 0 0 1   153     153    0
R    918    88  VAL A   92    176  LEU A  180       8.8702     1 0 0 1    65      65    0
R    922    89  MET A   93    139  TYR A  143       9.5058     1 0 0 1     1       1    0
R    923    89  MET A   93    142  LEU A  146       8.9327     1 0 0 1    11      11    0
R    924    89  MET A   93    149  ALA A  153       5.4505     1 0 0 0     0       0    0
R    925    89  MET A   93    150  VAL A  154       5.0851     1 0 0 1   204     204    0
R    926    89  MET A   93    157  ILE A  161       7.2718     0 0 0 1    66      66    0
R    927    89  MET A   93    160  PHE A  164      10.3720     1 0 0 1    97      97    0
R    928    89  MET A   93    161  ILE A  165       9.0972     1 0 0 1   151     151    0
R    929    89  MET A   93    169  PHE A  173       6.8932     1 0 0 1    84      84    0
R    930    89  MET A   93    170  LYS A  174       5.5662     1 0 0 0   -37      37    0
R    931    89  MET A   93    171  ALA A  175       4.1971     1 0 0 0     0       0    0
R    937    90  VAL A   94     94  ASN A   98       6.9511     1 0 0 0   -90      90    0
R    938    90  VAL A   94     97  VAL A  101       7.5976     1 0 0 1   122     122    0
R    939    90  VAL A   94    142  LEU A  146       7.2998     1 0 0 0     0       0    0
R    940    90  VAL A   94    148  ASP A  152       6.3435     1 0 0 0   -33      33    0
R    941    90  VAL A   94    149  ALA A  153       4.4857     1 0 0 1    98      98    0
R    942    90  VAL A   94    169  PHE A  173       5.9270     1 0 0 0   -16      16    0
R    943    90  VAL A   94    170  LYS A  174       5.5812     1 0 0 1   194     194    0
R    944    90  VAL A   94    172  VAL A  176       7.5894     1 0 0 1    35      35    0
R    949    91  LYS A   95    142  LEU A  146       7.1157     1 0 0 1   112     112    0
R    950    91  LYS A   95    143  GLY A  147       8.0770     1 0 0 1    70      70    0
R    951    91  LYS A   95    144  THR A  148       9.6822     1 0 0 0     0       0    0
R    952    91  LYS A   95    145  ASN A  149       9.0519     1 0 0 1    47      47    0
R    953    91  LYS A   95    148  ASP A  152       7.6768     0 0 0 1     1       1    0
R    954    91  LYS A   95    168  GLN A  172       6.2582     1 0 0 0   -17      17    0
R    955    91  LYS A   95    169  PHE A  173       4.5201     1 0 0 0     0       0    0
R    956    91  LYS A   95    170  LYS A  174       5.9005     1 0 0 0     0       0    0
R    962    92  ALA A   96    167  GLY A  171       7.7780     1 0 0 0   -46      46    0
R    963    92  ALA A   96    168  GLN A  172       5.3712     1 0 0 0   -12      12    0
R    964    92  ALA A   96    169  PHE A  173       4.1863     1 0 0 0   -82      82    0
R    965    92  ALA A   96    170  LYS A  174       4.4675     1 0 0 1   181     181    0
R    971    94  ASN A   98     90  VAL A   94       6.9511     1 0 0 0   -16      16    0
R    979    94  ASN A   98    170  LYS A  174       8.7068     1 0 0 1   141     141    0
R    986    95  ASN A   99    170  LYS A  174      10.1683     1 0 0 1    13      13    0
R    993    97  VAL A  101     88  VAL A   92       9.2822     0 0 0 1     9       9    0
R    994    97  VAL A  101     90  VAL A   94       7.5976     1 0 0 1   142     142    0
R   1001    97  VAL A  101    101  LYS A  105       6.7140     1 0 0 1    76      76    0
R   1002    97  VAL A  101    106  LYS A  110      10.0865     1 0 0 0   -84      84    0
R   1003    97  VAL A  101    148  ASP A  152       8.7993     0 0 0 1     3       3    0
R   1004    97  VAL A  101    149  ALA A  153       8.5129     0 0 0 1     3       3    0
R   1012    98  LYS A  102    172  VAL A  176       5.5619     1 0 0 1    48      48    0
R   1014    99  SER A  103     88  VAL A   92       6.9479     1 0 0 0   -59      59    0
R   1020    99  SER A  103    119  TYR A  123      12.1717     0 0 0 1    28      28    0
R   1032   101  LYS A  105     88  VAL A   92      10.2901     1 0 0 0   -50      50    0
R   1033   101  LYS A  105     97  VAL A  101       6.7140     1 0 0 1    36      36    0
R   1038   101  LYS A  105    106  LYS A  110       5.3510     1 0 0 1    17      17    0
R   1039   101  LYS A  105    108  VAL A  112       8.4576     1 0 0 1     2       2    0
R   1040   101  LYS A  105    124  ILE A  128       7.2923     1 0 0 0  -148     148    0
R   1042   101  LYS A  105    148  ASP A  152       8.2895     0 0 0 1    10      10    0
R   1043   101  LYS A  105    149  ALA A  153       8.3703     1 0 0 1    86      86    0
R   1045   101  LYS A  105    151  LEU A  155      11.5319     1 0 0 0   -46      46    0
R   1052   102  ASP A  106    106  LYS A  110       4.9929     1 0 0 1   120     120    0
R   1054   102  ASP A  106    124  ILE A  128       5.9576     1 0 0 0   -12      12    0
R   1055   102  ASP A  106    125  LYS A  129       4.4184     1 0 0 1    10      10    0
R   1056   102  ASP A  106    126  THR A  130       4.5369     1 0 0 0     0       0    0
R   1057   102  ASP A  106    127  LYS A  131       6.3339     0 0 0 1     4       4    0
R   1061   103  LEU A  107    125  LYS A  129       6.1572     1 0 0 0   -58      58    0
R   1073   105  GLY A  109    127  LYS A  131       5.3210     1 0 0 0    -1       1    0
R   1077   106  LYS A  110     97  VAL A  101      10.0865     1 0 0 0   -98      98    0
R   1079   106  LYS A  110    101  LYS A  105       5.3510     1 0 0 0   -53      53    0
R   1080   106  LYS A  110    102  ASP A  106       4.9929     1 0 0 0   -33      33    0
R   1084   106  LYS A  110    126  THR A  130       4.9963     1 0 0 1     3       3    0
R   1085   106  LYS A  110    127  LYS A  131       4.8397     1 0 0 1   117     117    0
R   1086   106  LYS A  110    128  ASP A  132       6.3374     1 0 0 1    17      17    0
R   1087   106  LYS A  110    148  ASP A  152       6.3087     1 0 0 1    47      47    0
R   1091   107  VAL A  111    127  LYS A  131       5.6569     0 0 0 1    23      23    0
R   1092   107  VAL A  111    128  ASP A  132       4.4798     1 0 0 1    65      65    0
R   1093   107  VAL A  111    130  ARG A  134       7.3605     1 0 0 0   -13      13    0
R   1094   107  VAL A  111    146  ARG A  150       7.4454     1 0 0 0  -116     116    0
R   1095   107  VAL A  111    147  ALA A  151       5.3356     1 0 0 0     0       0    0
R   1096   107  VAL A  111    148  ASP A  152       5.2525     1 0 0 1    82      82    0
R   1097   107  VAL A  111    149  ALA A  153       6.7400     1 0 0 1    10      10    0
R   1098   108  VAL A  112    101  LYS A  105       8.4576     1 0 0 1    69      69    0
R   1102   108  VAL A  112    120  ALA A  124       8.4617     0 0 0 1     4       4    0
R   1103   108  VAL A  112    124  ILE A  128       9.3163     0 0 0 1    19      19    0
R   1104   108  VAL A  112    126  THR A  130       6.7399     1 0 0 1   125     125    0
R   1105   108  VAL A  112    128  ASP A  132       6.4419     1 0 0 1    32      32    0
R   1106   108  VAL A  112    129  LEU A  133       5.0388     1 0 0 1    16      16    0
R   1107   108  VAL A  112    130  ARG A  134       6.2306     1 0 0 1   128     128    0
R   1108   108  VAL A  112    149  ALA A  153       5.0682     1 0 0 0   -38      38    0
R   1109   108  VAL A  112    150  VAL A  154       5.4808     1 0 0 0     0       0    0
R   1110   108  VAL A  112    151  LEU A  155       6.9787     1 0 0 1   124     124    0
R   1114   109  ALA A  113    130  ARG A  134       4.8055     1 0 0 1     9       9    0
R   1115   109  ALA A  113    132  PHE A  136       7.4373     1 0 0 1    68      68    0
R   1116   109  ALA A  113    138  ALA A  142       5.4091     1 0 0 1    71      71    0
R   1117   109  ALA A  113    141  GLU A  145       7.2523     1 0 0 1     4       4    0
R   1118   109  ALA A  113    147  ALA A  151       5.8942     1 0 0 1    92      92    0
R   1119   109  ALA A  113    149  ALA A  153       6.5085     1 0 0 1    25      25    0
R   1120   109  ALA A  113    150  VAL A  154       4.8857     1 0 0 0   -12      12    0
R   1121   109  ALA A  113    151  LEU A  155       6.6996     1 0 0 1   100     100    0
R   1125   110  VAL A  114    116  SER A  120       6.5472     1 0 0 0   -65      65    0
R   1126   110  VAL A  114    117  VAL A  121       6.6064     1 0 0 1    38      38    0
R   1127   110  VAL A  114    129  LEU A  133       7.5377     1 0 0 1    74      74    0
R   1128   110  VAL A  114    130  ARG A  134       6.2799     1 0 0 0   -29      29    0
R   1129   110  VAL A  114    131  GLN A  135       5.0993     1 0 0 1    96      96    0
R   1130   110  VAL A  114    132  PHE A  136       6.2437     1 0 0 1    91      91    0
R   1134   110  VAL A  114    151  LEU A  155       5.7606     1 0 0 1    13      13    0
R   1139   111  LYS A  115    116  SER A  120       7.3877     0 0 0 1    10      10    0
R   1140   111  LYS A  115    117  VAL A  121       7.4077     1 0 0 0   -62      62    0
R   1141   111  LYS A  115    132  PHE A  136       4.8982     1 0 0 0     0       0    0
R   1142   111  LYS A  115    133  PRO A  137       5.9509     1 0 0 0   -27      27    0
R   1143   111  LYS A  115    134  ASN A  138       5.5320     1 0 0 0     0       0    0
R   1144   111  LYS A  115    135  ILE A  139       5.1576     1 0 0 1   104     104    0
R   1145   111  LYS A  115    151  LEU A  155       8.4442     0 0 0 1     5       5    0
R   1151   112  SER A  116    117  VAL A  121       6.9108     1 0 0 0     0       0    0
R   1152   112  SER A  116    131  GLN A  135       5.3064     1 0 0 0   -79      79    0
R   1153   112  SER A  116    132  PHE A  136       5.4530     1 0 0 1   110     110    0
R   1158   113  GLY A  117    117  VAL A  121       6.8335     1 0 0 0   -37      37    0
R   1159   113  GLY A  117    131  GLN A  135       8.7848     0 0 0 1     2       2    0
R   1168   115  GLY A  119     86  LEU A   90       8.1496     1 0 0 0   -19      19    0
R   1173   115  GLY A  119    119  TYR A  123       6.2538     1 0 0 1    86      86    0
R   1174   116  SER A  120     86  LEU A   90       6.9249     1 0 0 0   -19      19    0
R   1175   116  SER A  120    110  VAL A  114       6.5472     1 0 0 0   -39      39    0
R   1176   116  SER A  120    111  LYS A  115       7.3877     0 0 0 1    46      46    0
R   1181   116  SER A  120    120  ALA A  124       6.2177     1 0 0 0   -79      79    0
R   1182   116  SER A  120    151  LEU A  155       6.2858     1 0 0 0   -24      24    0
R   1184   117  VAL A  121    110  VAL A  114       6.6064     1 0 0 1    23      23    0
R   1185   117  VAL A  121    111  LYS A  115       7.4077     1 0 0 0  -101     101    0
R   1186   117  VAL A  121    112  SER A  116       6.9108     1 0 0 0     0       0    0
R   1187   117  VAL A  121    113  GLY A  117       6.8335     1 0 0 0   -62      62    0
R   1194   117  VAL A  121    121  LYS A  125       6.2251     1 0 0 1    99      99    0
R   1195   117  VAL A  121    129  LEU A  133       8.5151     0 0 0 1     8       8    0
R   1196   117  VAL A  121    131  GLN A  135       7.9287     1 0 0 0   -94      94    0
R   1204   118  ASP A  122    122  ALA A  126       6.5612     1 0 0 1    15      15    0
R   1205   119  TYR A  123     86  LEU A   90       8.9307     1 0 0 1    92      92    0
R   1206   119  TYR A  123     99  SER A  103      12.1717     0 0 0 1    23      23    0
R   1207   119  TYR A  123    115  GLY A  119       6.2538     1 0 0 0   -43      43    0
R   1214   119  TYR A  123    123  ASN A  127       5.9316     1 0 0 0  -197     197    0
R   1215   119  TYR A  123    124  ILE A  128       7.8885     1 0 0 1    64      64    0
R   1216   119  TYR A  123    151  LEU A  155       9.5562     1 0 0 1    78      78    0
R   1217   119  TYR A  123    176  LEU A  180       8.9474     1 0 0 1    57      57    0
R   1219   120  ALA A  124    108  VAL A  112       8.4617     0 0 0 1     5       5    0
R   1221   120  ALA A  124    116  SER A  120       6.2177     1 0 0 0   -68      68    0
R   1227   120  ALA A  124    124  ILE A  128       5.1916     1 0 0 0   -37      37    0
R   1228   120  ALA A  124    126  THR A  130       8.0900     0 0 0 1    15      15    0
R   1229   120  ALA A  124    129  LEU A  133       7.9667     1 0 0 1   114     114    0
R   1230   120  ALA A  124    151  LEU A  155       8.4888     1 0 0 1    38      38    0
R   1231   121  LYS A  125    117  VAL A  121       6.2251     1 0 0 0   -13      13    0
R   1238   121  LYS A  125    129  LEU A  133       8.1787     1 0 0 0   -40      40    0
R   1239   121  LYS A  125    131  GLN A  135      11.5009     1 0 0 0   -40      40    0
R   1240   122  ALA A  126    118  ASP A  122       6.5612     1 0 0 0   -14      14    0
R   1247   123  ASN A  127    119  TYR A  123       5.9316     1 0 0 0  -228     228    0
R   1251   123  ASN A  127    177  GLU A  181      11.2036     0 0 0 1     1       1    0
R   1253   124  ILE A  128    101  LYS A  105       7.2923     1 0 0 0  -150     150    0
R   1254   124  ILE A  128    102  ASP A  106       5.9576     1 0 0 1     3       3    0
R   1255   124  ILE A  128    108  VAL A  112       9.3163     0 0 0 1    14      14    0
R   1256   124  ILE A  128    119  TYR A  123       7.8885     1 0 0 1   104     104    0
R   1257   124  ILE A  128    120  ALA A  124       5.1916     1 0 0 0   -52      52    0
R   1263   124  ILE A  128    151  LEU A  155      11.3078     1 0 0 1    27      27    0
R   1264   125  LYS A  129    102  ASP A  106       4.4184     1 0 0 0   -17      17    0
R   1265   125  LYS A  129    103  LEU A  107       6.1572     1 0 0 0  -111     111    0
R   1270   126  THR A  130    102  ASP A  106       4.5369     1 0 0 0     0       0    0
R   1271   126  THR A  130    106  LYS A  110       4.9963     1 0 0 0    -8       8    0
R   1272   126  THR A  130    108  VAL A  112       6.7399     1 0 0 1   159     159    0
R   1273   126  THR A  130    120  ALA A  124       8.0900     0 0 0 1     8       8    0
R   1279   127  LYS A  131    102  ASP A  106       6.3339     0 0 0 1     1       1    0
R   1281   127  LYS A  131    105  GLY A  109       5.3210     1 0 0 0    -6       6    0
R   1282   127  LYS A  131    106  LYS A  110       4.8397     1 0 0 0   -35      35    0
R   1283   127  LYS A  131    107  VAL A  111       5.6569     0 0 0 1    25      25    0
R   1287   128  ASP A  132    106  LYS A  110       6.3374     1 0 0 1    13      13    0
R   1288   128  ASP A  132    107  VAL A  111       4.4798     1 0 0 1    99      99    0
R   1289   128  ASP A  132    108  VAL A  112       6.4419     1 0 0 1   141     141    0
R   1294   129  LEU A  133    108  VAL A  112       5.0388     1 0 0 1     7       7    0
R   1295   129  LEU A  133    110  VAL A  114       7.5377     1 0 0 1    83      83    0
R   1296   129  LEU A  133    117  VAL A  121       8.5151     0 0 0 1    11      11    0
R   1297   129  LEU A  133    120  ALA A  124       7.9667     1 0 0 1   128     128    0
R   1298   129  LEU A  133    121  LYS A  125       8.1787     1 0 0 1    17      17    0
R   1303   130  ARG A  134    107  VAL A  111       7.3605     1 0 0 0   -63      63    0
R   1304   130  ARG A  134    108  VAL A  112       6.2306     1 0 0 1    25      25    0
R   1305   130  ARG A  134    109  ALA A  113       4.8055     1 0 0 0     0       0    0
R   1306   130  ARG A  134    110  VAL A  114       6.2799     1 0 0 1   128     128    0
R   1311   130  ARG A  134    141  GLU A  145       9.4307     1 0 0 1   115     115    0
R   1312   130  ARG A  134    146  ARG A  150       9.6109     1 0 0 0   -88      88    0
R   1314   131  GLN A  135    110  VAL A  114       5.0993     1 0 0 1    96      96    0
R   1315   131  GLN A  135    112  SER A  116       5.3064     1 0 0 0   -19      19    0
R   1316   131  GLN A  135    113  GLY A  117       8.7848     0 0 0 1     2       2    0
R   1317   131  GLN A  135    117  VAL A  121       7.9287     1 0 0 0   -87      87    0
R   1318   131  GLN A  135    121  LYS A  125      11.5009     1 0 0 0  -102     102    0
R   1323   132  PHE A  136    109  ALA A  113       7.4373     1 0 0 1    28      28    0
R   1324   132  PHE A  136    110  VAL A  114       6.2437     1 0 0 0    -7       7    0
R   1325   132  PHE A  136    111  LYS A  115       4.8982     1 0 0 0     0       0    0
R   1326   132  PHE A  136    112  SER A  116       5.4530     1 0 0 1   192     192    0
R   1331   132  PHE A  136    137  ASN A  141       6.1207     1 0 0 1    74      74    0
R   1332   132  PHE A  136    138  ALA A  142       6.2911     1 0 0 0    -2       2    0
R   1333   132  PHE A  136    141  GLU A  145       9.6197     1 0 0 1   132     132    0
R   1334   133  PRO A  137    111  LYS A  115       5.9509     1 0 0 0    -1       1    0
R   1339   133  PRO A  137    137  ASN A  141       7.1955     1 0 0 0  -100     100    0
R   1340   134  ASN A  138    111  LYS A  115       5.5320     1 0 0 0    -1       1    0
R   1346   134  ASN A  138    138  ALA A  142       7.0022     1 0 0 1     1       1    0
R   1347   135  ILE A  139    111  LYS A  115       5.1576     1 0 0 1    67      67    0
R   1352   135  ILE A  139    139  TYR A  143       6.1653     1 0 0 1   137     137    0
R   1353   135  ILE A  139    150  VAL A  154       8.8625     0 0 0 1    13      13    0
R   1355   135  ILE A  139    152  HIS A  156       8.0245     1 0 0 1    16      16    0
R   1361   136  ASP A  140    140  MET A  144       6.4809     1 0 0 0    -2       2    0
R   1363   137  ASN A  141    132  PHE A  136       6.1207     1 0 0 1    66      66    0
R   1364   137  ASN A  141    133  PRO A  137       7.1955     1 0 0 0  -147     147    0
R   1371   137  ASN A  141    141  GLU A  145       6.3705     1 0 0 1    61      61    0
R   1372   138  ALA A  142    109  ALA A  113       5.4091     1 0 0 1    50      50    0
R   1374   138  ALA A  142    132  PHE A  136       6.2911     1 0 0 1    22      22    0
R   1375   138  ALA A  142    134  ASN A  138       7.0022     1 0 0 1     3       3    0
R   1382   138  ALA A  142    142  LEU A  146       6.5329     1 0 0 1    64      64    0
R   1383   138  ALA A  142    150  VAL A  154       6.8052     1 0 0 0    -7       7    0
R   1384   139  TYR A  143     89  MET A   93       9.5058     1 0 0 0     0       0    0
R   1385   139  TYR A  143    135  ILE A  139       6.1653     1 0 0 1    29      29    0
R   1392   139  TYR A  143    143  GLY A  147       5.8179     1 0 0 1   174     174    0
R   1393   139  TYR A  143    150  VAL A  154       7.3465     1 0 0 1    84      84    0
R   1394   139  TYR A  143    152  HIS A  156      10.3707     0 0 0 1   103     103    0
R   1397   139  TYR A  143    160  PHE A  164       9.8344     1 0 0 1   180     180    0
R   1399   140  MET A  144    136  ASP A  140       6.4809     1 0 0 0   -49      49    0
R   1406   140  MET A  144    144  THR A  148       6.4707     1 0 0 1   150     150    0
R   1407   141  GLU A  145    109  ALA A  113       7.2523     1 0 0 1     5       5    0
R   1408   141  GLU A  145    130  ARG A  134       9.4307     1 0 0 1   166     166    0
R   1409   141  GLU A  145    132  PHE A  136       9.6197     1 0 0 1   112     112    0
R   1410   141  GLU A  145    137  ASN A  141       6.3705     1 0 0 0    -2       2    0
R   1417   141  GLU A  145    146  ARG A  150       5.6914     1 0 0 0  -112     112    0
R   1418   141  GLU A  145    147  ALA A  151       5.5263     1 0 0 1    39      39    0
R   1419   142  LEU A  146     89  MET A   93       8.9327     1 0 0 0   -18      18    0
R   1420   142  LEU A  146     90  VAL A   94       7.2998     1 0 0 0     0       0    0
R   1421   142  LEU A  146     91  LYS A   95       7.1157     1 0 0 1    64      64    0
R   1422   142  LEU A  146    138  ALA A  142       6.5329     1 0 0 1    28      28    0
R   1428   142  LEU A  146    147  ALA A  151       4.7215     1 0 0 0   -86      86    0
R   1429   142  LEU A  146    148  ASP A  152       6.5335     1 0 0 0   -71      71    0
R   1430   142  LEU A  146    149  ALA A  153       6.6205     1 0 0 0     0       0    0
R   1431   142  LEU A  146    150  VAL A  154       7.0224     1 0 0 1   105     105    0
R   1432   142  LEU A  146    169  PHE A  173       8.6973     1 0 0 1   114     114    0
R   1433   143  GLY A  147     91  LYS A   95       8.0770     1 0 0 1   125     125    0
R   1434   143  GLY A  147    139  TYR A  143       5.8179     1 0 0 1    69      69    0
R   1439   143  GLY A  147    169  PHE A  173       8.6987     1 0 0 0    -4       4    0
R   1440   144  THR A  148     91  LYS A   95       9.6822     1 0 0 1     1       1    0
R   1441   144  THR A  148    140  MET A  144       6.4707     1 0 0 1    67      67    0
R   1448   145  ASN A  149     91  LYS A   95       9.0519     1 0 0 1    77      77    0
R   1452   146  ARG A  150    107  VAL A  111       7.4454     1 0 0 0  -144     144    0
R   1453   146  ARG A  150    130  ARG A  134       9.6109     1 0 0 0    -8       8    0
R   1454   146  ARG A  150    141  GLU A  145       5.6914     1 0 0 0  -133     133    0
R   1459   147  ALA A  151    107  VAL A  111       5.3356     1 0 0 0    -1       1    0
R   1460   147  ALA A  151    109  ALA A  113       5.8942     1 0 0 1   114     114    0
R   1461   147  ALA A  151    141  GLU A  145       5.5263     1 0 0 1    20      20    0
R   1462   147  ALA A  151    142  LEU A  146       4.7215     1 0 0 0  -178     178    0
R   1468   148  ASP A  152     90  VAL A   94       6.3435     1 0 0 0   -83      83    0
R   1469   148  ASP A  152     91  LYS A   95       7.6768     0 0 0 1     2       2    0
R   1470   148  ASP A  152     97  VAL A  101       8.7993     0 0 0 1     9       9    0
R   1471   148  ASP A  152    101  LYS A  105       8.2895     0 0 0 1    14      14    0
R   1473   148  ASP A  152    106  LYS A  110       6.3087     1 0 0 1   134     134    0
R   1474   148  ASP A  152    107  VAL A  111       5.2525     1 0 0 1    61      61    0
R   1475   148  ASP A  152    142  LEU A  146       6.5335     1 0 0 0   -85      85    0
R   1479   149  ALA A  153     88  VAL A   92       6.6460     1 0 0 1     5       5    0
R   1480   149  ALA A  153     89  MET A   93       5.4505     1 0 0 0    -6       6    0
R   1481   149  ALA A  153     90  VAL A   94       4.4857     1 0 0 1    96      96    0
R   1482   149  ALA A  153     97  VAL A  101       8.5129     0 0 0 1     3       3    0
R   1483   149  ALA A  153    101  LYS A  105       8.3703     1 0 0 1   125     125    0
R   1484   149  ALA A  153    107  VAL A  111       6.7400     1 0 0 1     6       6    0
R   1485   149  ALA A  153    108  VAL A  112       5.0682     1 0 0 1    13      13    0
R   1486   149  ALA A  153    109  ALA A  113       6.5085     1 0 0 1   126     126    0
R   1487   149  ALA A  153    142  LEU A  146       6.6205     1 0 0 0     0       0    0
R   1491   150  VAL A  154     88  VAL A   92       5.9680     1 0 0 0    -4       4    0
R   1492   150  VAL A  154     89  MET A   93       5.0851     1 0 0 1   205     205    0
R   1493   150  VAL A  154    108  VAL A  112       5.4808     1 0 0 0    -2       2    0
R   1494   150  VAL A  154    109  ALA A  113       4.8857     1 0 0 0   -29      29    0
R   1496   150  VAL A  154    135  ILE A  139       8.8625     0 0 0 1    10      10    0
R   1497   150  VAL A  154    138  ALA A  142       6.8052     1 0 0 0   -42      42    0
R   1498   150  VAL A  154    139  TYR A  143       7.3465     1 0 0 1    96      96    0
R   1499   150  VAL A  154    142  LEU A  146       7.0224     1 0 0 1   108     108    0
R   1504   150  VAL A  154    157  ILE A  161       9.0822     0 0 0 1     6       6    0
R   1505   151  LEU A  155     86  LEU A   90       6.6297     0 0 0 1    53      53    0
R   1506   151  LEU A  155     87  LEU A   91       5.7427     1 0 0 0   -44      44    0
R   1507   151  LEU A  155     88  VAL A   92       4.8825     1 0 0 1   104     104    0
R   1508   151  LEU A  155    101  LYS A  105      11.5319     1 0 0 0   -46      46    0
R   1509   151  LEU A  155    108  VAL A  112       6.9787     1 0 0 1    59      59    0
R   1510   151  LEU A  155    109  ALA A  113       6.6996     1 0 0 1    19      19    0
R   1511   151  LEU A  155    110  VAL A  114       5.7606     1 0 0 0   -53      53    0
R   1512   151  LEU A  155    111  LYS A  115       8.4442     0 0 0 1     2       2    0
R   1513   151  LEU A  155    116  SER A  120       6.2858     1 0 0 0   -98      98    0
R   1514   151  LEU A  155    119  TYR A  123       9.5562     1 0 0 1    95      95    0
R   1515   151  LEU A  155    120  ALA A  124       8.4888     1 0 0 1    51      51    0
R   1516   151  LEU A  155    124  ILE A  128      11.3078     1 0 0 1    24      24    0
R   1520   151  LEU A  155    176  LEU A  180       9.9943     1 0 0 1    59      59    0
R   1521   152  HIS A  156     86  LEU A   90       5.4430     1 0 0 0    -1       1    0
R   1522   152  HIS A  156     87  LEU A   91       5.7955     1 0 0 1   154     154    0
R   1526   152  HIS A  156    135  ILE A  139       8.0245     1 0 0 1    81      81    0
R   1527   152  HIS A  156    139  TYR A  143      10.3707     0 0 0 1    29      29    0
R   1531   152  HIS A  156    156  ASN A  160       7.2274     1 0 0 0  -154     154    0
R   1532   152  HIS A  156    157  ILE A  161       6.6409     1 0 0 1    58      58    0
R   1534   153  ASP A  157     85  GLY A   89       5.6974     1 0 0 0   -27      27    0
R   1535   153  ASP A  157     86  LEU A   90       4.3569     1 0 0 1    20      20    0
R   1540   153  ASP A  157    157  ILE A  161       6.2727     1 0 0 1    97      97    0
R   1541   154  THR A  158     82  TYR A   86      10.3086     1 0 0 0   -43      43    0
R   1543   154  THR A  158     84  SER A   88       5.6804     1 0 0 0     0       0    0
R   1544   154  THR A  158     85  GLY A   89       5.7330     1 0 0 1    94      94    0
R   1546   154  THR A  158     87  LEU A   91       5.2335     1 0 0 1     4       4    0
R   1552   154  THR A  158    158  LEU A  162       5.9049     1 0 0 0   -32      32    0
R   1554   154  THR A  158    175  SER A  179       6.5811     1 0 0 1    63      63    0
R   1556   155  PRO A  159      9  PHE A   13      10.4378     0 0 0 1     1       1    0
R   1559   155  PRO A  159     12  PHE A   16       9.0070     1 0 0 1   106     106    0
R   1560   155  PRO A  159     82  TYR A   86       9.7841     1 0 0 0   -44      44    0
R   1561   155  PRO A  159     84  SER A   88       7.0294     1 0 0 0   -69      69    0
R   1567   155  PRO A  159    159  TYR A  163       5.8396     1 0 0 1    82      82    0
R   1568   155  PRO A  159    181  TYR A  185      11.5661     1 0 0 0   -28      28    0
R   1569   155  PRO A  159    217  PHE A  221       7.1752     1 0 0 1    32      32    0
R   1573   156  ASN A  160    152  HIS A  156       7.2274     1 0 0 0  -106     106    0
R   1580   156  ASN A  160    160  PHE A  164       6.0052     1 0 0 1    79      79    0
R   1581   157  ILE A  161     87  LEU A   91       7.3626     1 0 0 1    83      83    0
R   1583   157  ILE A  161     89  MET A   93       7.2718     0 0 0 1    77      77    0
R   1585   157  ILE A  161    150  VAL A  154       9.0822     0 0 0 1     8       8    0
R   1586   157  ILE A  161    152  HIS A  156       6.6409     1 0 0 1   100     100    0
R   1587   157  ILE A  161    153  ASP A  157       6.2727     1 0 0 0   -45      45    0
R   1594   157  ILE A  161    161  ILE A  165       6.1153     1 0 0 1   113     113    0
R   1595   157  ILE A  161    171  ALA A  175       7.6245     1 0 0 1   149     149    0
R   1598   158  LEU A  162     87  LEU A   91       8.5844     1 0 0 1    98      98    0
R   1599   158  LEU A  162    154  THR A  158       5.9049     1 0 0 0   -14      14    0
R   1606   158  LEU A  162    162  LYS A  166       6.5450     1 0 0 1    20      20    0
R   1607   158  LEU A  162    171  ALA A  175       7.3773     1 0 0 1    33      33    0
R   1608   158  LEU A  162    213  TYR A  217      10.9610     1 0 0 0   -89      89    0
R   1609   158  LEU A  162    217  PHE A  221       5.5996     1 0 0 0    -2       2    0
R   1611   159  TYR A  163     10  VAL A   14       8.7027     1 0 0 1   114     114    0
R   1612   159  TYR A  163     11  PRO A   15       7.3372     1 0 0 1   123     123    0
R   1614   159  TYR A  163    155  PRO A  159       5.8396     1 0 0 0   -40      40    0
R   1621   159  TYR A  163    163  THR A  167       6.4387     1 0 0 1   140     140    0
R   1622   159  TYR A  163    216  TRP A  220       6.9320     1 0 0 0  -115     115    0
R   1624   160  PHE A  164     89  MET A   93      10.3720     1 0 0 1    93      93    0
R   1626   160  PHE A  164    139  TYR A  143       9.8344     1 0 0 1   154     154    0
R   1627   160  PHE A  164    156  ASN A  160       6.0052     1 0 0 0   -31      31    0
R   1634   160  PHE A  164    164  ALA A  168       5.6754     1 0 0 1   216     216    0
R   1635   160  PHE A  164    165  GLY A  169       5.8900     1 0 0 1     5       5    0
R   1636   160  PHE A  164    169  PHE A  173       9.1020     1 0 0 1    85      85    0
R   1637   161  ILE A  165     89  MET A   93       9.0972     1 0 0 1   139     139    0
R   1638   161  ILE A  165    157  ILE A  161       6.1153     1 0 0 1    11      11    0
R   1644   161  ILE A  165    165  GLY A  169       4.5570     1 0 0 0   -17      17    0
R   1645   161  ILE A  165    166  ASN A  170       5.2253     1 0 0 1   109     109    0
R   1646   161  ILE A  165    169  PHE A  173       6.3641     1 0 0 0   -42      42    0
R   1647   161  ILE A  165    170  LYS A  174       6.7708     1 0 0 0     0       0    0
R   1648   161  ILE A  165    171  ALA A  175       8.0812     1 0 0 0   -61      61    0
R   1649   162  LYS A  166    158  LEU A  162       6.5450     1 0 0 0   -28      28    0
R   1655   162  LYS A  166    166  ASN A  170       5.3125     1 0 0 1   128     128    0
R   1657   162  LYS A  166    215  LYS A  219       9.8739     1 0 0 1    99      99    0
R   1658   162  LYS A  166    216  TRP A  220       8.1763     1 0 0 0   -91      91    0
R   1659   162  LYS A  166    217  PHE A  221       6.9201     1 0 0 0    -9       9    0
R   1660   162  LYS A  166    218  GLY A  222       6.7153     1 0 0 0     0       0    0
R   1661   163  THR A  167    159  TYR A  163       6.4387     1 0 0 1   140     140    0
R   1668   164  ALA A  168    160  PHE A  164       5.6754     1 0 0 1    98      98    0
R   1674   165  GLY A  169    160  PHE A  164       5.8900     1 0 0 1    32      32    0
R   1675   165  GLY A  169    161  ILE A  165       4.5570     1 0 0 0   -12      12    0
R   1681   165  GLY A  169    169  PHE A  173       5.7712     1 0 0 1    35      35    0
R   1682   166  ASN A  170    161  ILE A  165       5.2253     1 0 0 0    -8       8    0
R   1683   166  ASN A  170    162  LYS A  166       5.3125     1 0 0 1    52      52    0
R   1689   167  GLY A  171     92  ALA A   96       7.7780     1 0 0 0   -63      63    0
R   1694   168  GLN A  172     91  LYS A   95       6.2582     1 0 0 0   -37      37    0
R   1695   168  GLN A  172     92  ALA A   96       5.3712     1 0 0 1    96      96    0
R   1702   169  PHE A  173     89  MET A   93       6.8932     1 0 0 1   116     116    0
R   1703   169  PHE A  173     90  VAL A   94       5.9270     1 0 0 0   -15      15    0
R   1704   169  PHE A  173     91  LYS A   95       4.5201     1 0 0 0     0       0    0
R   1705   169  PHE A  173     92  ALA A   96       4.1863     1 0 0 0   -42      42    0
R   1707   169  PHE A  173    142  LEU A  146       8.6973     1 0 0 1   155     155    0
R   1708   169  PHE A  173    143  GLY A  147       8.6987     1 0 0 0     0       0    0
R   1709   169  PHE A  173    160  PHE A  164       9.1020     1 0 0 1    89      89    0
R   1710   169  PHE A  173    161  ILE A  165       6.3641     1 0 0 0   -43      43    0
R   1711   169  PHE A  173    165  GLY A  169       5.7712     1 0 0 1     4       4    0
R   1715   170  LYS A  174     89  MET A   93       5.5662     1 0 0 0    -4       4    0
R   1716   170  LYS A  174     90  VAL A   94       5.5812     1 0 0 1   181     181    0
R   1717   170  LYS A  174     91  LYS A   95       5.9005     1 0 0 0    -2       2    0
R   1718   170  LYS A  174     92  ALA A   96       4.4675     1 0 0 1    70      70    0
R   1719   170  LYS A  174     94  ASN A   98       8.7068     1 0 0 1    73      73    0
R   1720   170  LYS A  174     95  ASN A   99      10.1683     1 0 0 1    14      14    0
R   1722   170  LYS A  174    161  ILE A  165       6.7708     1 0 0 0     0       0    0
R   1726   171  ALA A  175     87  LEU A   91       7.0048     1 0 0 1    46      46    0
R   1727   171  ALA A  175     88  VAL A   92       5.5414     1 0 0 0   -13      13    0
R   1728   171  ALA A  175     89  MET A   93       4.1971     1 0 0 0     0       0    0
R   1729   171  ALA A  175    157  ILE A  161       7.6245     1 0 0 1   147     147    0
R   1730   171  ALA A  175    158  LEU A  162       7.3773     1 0 0 1    29      29    0
R   1731   171  ALA A  175    161  ILE A  165       8.0812     1 0 0 1     9       9    0
R   1734   172  VAL A  176     87  LEU A   91       7.1768     1 0 0 0   -85      85    0
R   1735   172  VAL A  176     88  VAL A   92       5.5020     1 0 0 1    71      71    0
R   1736   172  VAL A  176     90  VAL A   94       7.5894     1 0 0 1    67      67    0
R   1738   172  VAL A  176     98  LYS A  102       5.5619     1 0 0 1    13      13    0
R   1750   174  ASP A  178     83  LYS A   87       9.9711     1 0 0 1   189     189    0
R   1752   174  ASP A  178     87  LEU A   91       6.1315     1 0 0 0   -31      31    0
R   1758   175  SER A  179     83  LYS A   87       7.6019     0 0 0 1    31      31    0
R   1759   175  SER A  179     84  SER A   88       6.6642     1 0 0 0     0       0    0
R   1760   175  SER A  179     85  GLY A   89       5.0380     1 0 0 0     0       0    0
R   1761   175  SER A  179     86  LEU A   90       5.2806     1 0 0 0     0       0    0
R   1763   175  SER A  179    154  THR A  158       6.5811     1 0 0 1    81      81    0
R   1768   176  LEU A  180     85  GLY A   89       5.2733     1 0 0 0     0       0    0
R   1769   176  LEU A  180     86  LEU A   90       4.8349     1 0 0 1   127     127    0
R   1771   176  LEU A  180     88  VAL A   92       8.8702     1 0 0 1   103     103    0
R   1773   176  LEU A  180    119  TYR A  123       8.9474     1 0 0 1    39      39    0
R   1774   176  LEU A  180    151  LEU A  155       9.9943     1 0 0 1    37      37    0
R   1779   177  GLU A  181     85  GLY A   89       5.1688     1 0 0 0     0       0    0
R   1780   177  GLU A  181     86  LEU A   90       6.3198     1 0 0 1    89      89    0
R   1782   177  GLU A  181    123  ASN A  127      11.2036     0 0 0 1     2       2    0
R   1787   178  ALA A  182     83  LYS A   87       6.2654     0 0 0 1    30      30    0
R   1788   178  ALA A  182     84  SER A   88       5.3149     1 0 0 0   -45      45    0
R   1789   178  ALA A  182     85  GLY A   89       3.8879     1 0 0 0     0       0    0
R   1794   179  GLN A  183     66  THR A   70       7.0047     1 0 0 1     8       8    0
R   1797   179  GLN A  183     83  LYS A   87       5.9100     1 0 0 0     0       0    0
R   1798   179  GLN A  183     84  SER A   88       5.2665     1 0 0 1   150     150    0
R   1804   180  GLN A  184     66  THR A   70       5.8018     1 0 0 0    -9       9    0
R   1805   180  GLN A  184     67  ILE A   71       6.0670     1 0 0 1   186     186    0
R   1806   180  GLN A  184     80  GLY A   84       5.4029     1 0 0 0    -5       5    0
R   1807   180  GLN A  184     82  TYR A   86       5.4240     1 0 0 0   -47      47    0
R   1808   180  GLN A  184     83  LYS A   87       4.7344     1 0 0 0   -93      93    0
R   1812   181  TYR A  185      9  PHE A   13      13.1849     1 0 0 0  -112     112    0
R   1813   181  TYR A  185     12  PHE A   16      11.1513     1 0 0 1   128     128    0
R   1814   181  TYR A  185     64  GLY A   68       5.9221     1 0 0 0   -21      21    0
R   1815   181  TYR A  185     65  ILE A   69       5.2533     1 0 0 0   -29      29    0
R   1816   181  TYR A  185     66  THR A   70       4.4747     1 0 0 0   -98      98    0
R   1817   181  TYR A  185     67  ILE A   71       5.8416     1 0 0 0    -3       3    0
R   1818   181  TYR A  185     80  GLY A   84       5.3977     1 0 0 0     0       0    0
R   1819   181  TYR A  185     81  TYR A   85       5.8690     1 0 0 1   179     179    0
R   1820   181  TYR A  185     82  TYR A   86       5.0923     1 0 0 1   146     146    0
R   1821   181  TYR A  185     84  SER A   88       7.1947     1 0 0 1    46      46    0
R   1822   181  TYR A  185    155  PRO A  159      11.5661     1 0 0 0   -37      37    0
R   1828   182  GLY A  186     65  ILE A   69       5.8029     1 0 0 0   -68      68    0
R   1829   182  GLY A  186     67  ILE A   71       5.8084     1 0 0 0    -7       7    0
R   1830   182  GLY A  186     77  PHE A   81       5.5240     1 0 0 0   -10      10    0
R   1833   182  GLY A  186     81  TYR A   85       6.0730     1 0 0 0   -12      12    0
R   1837   183  ILE A  187     27  LEU A   31      10.6327     0 0 0 1     6       6    0
R   1838   183  ILE A  187     28  TRP A   32       9.3603     0 0 0 1    12      12    0
R   1839   183  ILE A  187     31  ILE A   35      11.4686     1 0 0 1    64      64    0
R   1840   183  ILE A  187     60  LEU A   64       7.1251     1 0 0 1    58      58    0
R   1841   183  ILE A  187     61  ALA A   65       5.9481     1 0 0 0   -43      43    0
R   1842   183  ILE A  187     62  LEU A   66       5.2357     1 0 0 1   131     131    0
R   1843   183  ILE A  187     77  PHE A   81       5.2988     1 0 0 0     0       0    0
R   1844   183  ILE A  187     78  SER A   82       5.2401     1 0 0 1    93      93    0
R   1845   183  ILE A  187     81  TYR A   85       7.9642     1 0 0 1    94      94    0
R   1849   183  ILE A  187    196  VAL A  200       8.9747     1 0 0 1   108     108    0
R   1850   183  ILE A  187    200  LEU A  204      10.7554     1 0 0 1    31      31    0
R   1851   184  ALA A  188     53  LEU A   57       8.1146     1 0 0 1    90      90    0
R   1852   184  ALA A  188     60  LEU A   64       5.5904     1 0 0 0   -19      19    0
R   1853   184  ALA A  188     61  ALA A   65       5.2600     1 0 0 1   165     165    0
R   1854   184  ALA A  188     65  ILE A   69       7.6971     1 0 0 1    88      88    0
R   1855   184  ALA A  188     75  ILE A   79       6.6195     1 0 0 1    94      94    0
R   1856   184  ALA A  188     76  ASP A   80       5.7393     1 0 0 0     0       0    0
R   1857   184  ALA A  188     77  PHE A   81       4.6518     1 0 0 1    21      21    0
R   1861   185  PHE A  189     53  LEU A   57       6.8543     1 0 0 0     0       0    0
R   1863   185  PHE A  189     60  LEU A   64       4.6844     1 0 0 1   119     119    0
R   1864   185  PHE A  189     75  ILE A   79       6.1637     1 0 0 0   -46      46    0
R   1865   185  PHE A  189     76  ASP A   80       5.2744     1 0 0 1   142     142    0
R   1866   185  PHE A  189     78  SER A   82       7.8222     1 0 0 0   -31      31    0
R   1871   185  PHE A  189    189  SER A  193       6.4383     1 0 0 0     0       0    0
R   1872   185  PHE A  189    192  LEU A  196       8.6791     1 0 0 1   121     121    0
R   1873   185  PHE A  189    193  ARG A  197       7.1677     1 0 0 1   134     134    0
R   1874   185  PHE A  189    196  VAL A  200      10.5039     1 0 0 1   137     137    0
R   1875   186  PRO A  190     53  LEU A   57       5.4360     1 0 0 0   -60      60    0
R   1877   186  PRO A  190     56  LYS A   60       6.5912     1 0 0 1    66      66    0
R   1878   186  PRO A  190     58  VAL A   62       8.5255     1 0 0 0   -42      42    0
R   1879   186  PRO A  190     59  ASP A   63       6.8594     1 0 0 0   -88      88    0
R   1880   186  PRO A  190     75  ILE A   79       5.3102     0 0 0 1    24      24    0
R   1886   187  LYS A  191     56  LYS A   60       9.2938     0 0 0 1    49      49    0
R   1887   187  LYS A  191     72  LYS A   76       9.3643     1 0 0 1    28      28    0
R   1888   187  LYS A  191     73  LYS A   77       9.4986     1 0 0 0    -7       7    0
R   1890   187  LYS A  191     75  ILE A   79       5.4234     1 0 0 1    36      36    0
R   1891   187  LYS A  191     76  ASP A   80       5.6744     1 0 0 1   158     158    0
R   1896   188  GLY A  192     76  ASP A   80       8.3159     0 0 0 1    27      27    0
R   1901   189  SER A  193     59  ASP A   63       8.8579     0 0 0 1     3       3    0
R   1902   189  SER A  193     76  ASP A   80       7.9800     0 0 0 1     9       9    0
R   1903   189  SER A  193    185  PHE A  189       6.4383     1 0 0 0     0       0    0
R   1910   189  SER A  193    193  ARG A  197       6.1126     1 0 0 1    99      99    0
R   1917   190  ASP A  194    194  ASP A  198       6.0516     1 0 0 0  -104     104    0
R   1923   191  GLU A  195    195  LYS A  199       6.2610     1 0 0 1   286     286    0
R   1924   192  LEU A  196      1  LEU A    5      10.8297     0 0 0 1    77      77    0
R   1925   192  LEU A  196     28  TRP A   32      13.4270     0 0 0 1     6       6    0
R   1926   192  LEU A  196     37  LEU A   41      10.7515     1 0 0 1    93      93    0
R   1928   192  LEU A  196     60  LEU A   64       9.7520     1 0 0 1    71      71    0
R   1929   192  LEU A  196    185  PHE A  189       8.6791     1 0 0 1    99      99    0
R   1936   192  LEU A  196    196  VAL A  200       6.1377     1 0 0 1   166     166    0
R   1937   193  ARG A  197     76  ASP A   80       8.3375     1 0 0 1    40      40    0
R   1938   193  ARG A  197     77  PHE A   81       7.5644     1 0 0 0    -3       3    0
R   1939   193  ARG A  197     78  SER A   82       5.8711     1 0 0 0     0       0    0
R   1940   193  ARG A  197    185  PHE A  189       7.1677     1 0 0 1   115     115    0
R   1941   193  ARG A  197    189  SER A  193       6.1126     1 0 0 0   -45      45    0
R   1948   193  ARG A  197    197  ASN A  201       6.1632     1 0 0 1   127     127    0
R   1949   194  ASP A  198    190  ASP A  194       6.0516     1 0 0 0   -71      71    0
R   1956   194  ASP A  198    198  GLY A  202       6.1163     1 0 0 1   122     122    0
R   1957   195  LYS A  199     35  LEU A   39       7.6978     1 0 0 1    17      17    0
R   1958   195  LYS A  199     37  LEU A   41      10.8343     0 0 0 1    16      16    0
R   1959   195  LYS A  199    191  GLU A  195       6.2610     1 0 0 1   231     231    0
R   1966   195  LYS A  199    199  ALA A  203       6.3792     1 0 0 1   102     102    0
R   1967   196  VAL A  200     28  TRP A   32       9.3351     1 0 0 1    71      71    0
R   1968   196  VAL A  200     31  ILE A   35       6.8483     1 0 0 1    78      78    0
R   1969   196  VAL A  200     35  LEU A   39       7.8437     1 0 0 1    29      29    0
R   1971   196  VAL A  200    183  ILE A  187       8.9747     1 0 0 1   123     123    0
R   1972   196  VAL A  200    185  PHE A  189      10.5039     1 0 0 1   102     102    0
R   1973   196  VAL A  200    192  LEU A  196       6.1377     1 0 0 1    26      26    0
R   1980   196  VAL A  200    200  LEU A  204       6.1893     1 0 0 1    64      64    0
R   1981   197  ASN A  201     78  SER A   82       5.8633     1 0 0 0     0       0    0
R   1982   197  ASN A  201     79  ASP A   83       6.0753     1 0 0 1   169     169    0
R   1983   197  ASN A  201    193  ARG A  197       6.1632     1 0 0 1    18      18    0
R   1990   197  ASN A  201    201  LYS A  205       6.5326     1 0 0 1    15      15    0
R   1991   198  GLY A  202    194  ASP A  198       6.1163     1 0 0 1    37      37    0
R   1998   198  GLY A  202    202  THR A  206       6.8478     1 0 0 1    50      50    0
R   1999   199  ALA A  203     31  ILE A   35       5.9232     1 0 0 1    88      88    0
R   2000   199  ALA A  203     34  GLU A   38       6.5539     1 0 0 1    62      62    0
R   2001   199  ALA A  203     35  LEU A   39       7.1954     1 0 0 1    89      89    0
R   2002   199  ALA A  203    195  LYS A  199       6.3792     1 0 0 0   -17      17    0
R   2009   199  ALA A  203    203  LEU A  207       6.4327     1 0 0 1    61      61    0
R   2010   200  LEU A  204     27  LEU A   31       9.1528     0 0 0 1    53      53    0
R   2011   200  LEU A  204     31  ILE A   35       6.7522     1 0 0 1    64      64    0
R   2013   200  LEU A  204     79  ASP A   83       8.0910     1 0 0 0   -34      34    0
R   2015   200  LEU A  204     81  TYR A   85       7.6968     1 0 0 1   114     114    0
R   2016   200  LEU A  204    183  ILE A  187      10.7554     1 0 0 1    47      47    0
R   2017   200  LEU A  204    196  VAL A  200       6.1893     1 0 0 0    -1       1    0
R   2024   200  LEU A  204    204  ARG A  208       6.4391     1 0 0 0   -27      27    0
R   2025   200  LEU A  204    209  TYR A  213       8.2880     0 0 0 1    34      34    0
R   2027   201  LYS A  205    197  ASN A  201       6.5326     1 0 0 0   -48      48    0
R   2034   201  LYS A  205    205  GLU A  209       6.2081     1 0 0 0   -40      40    0
R   2036   202  THR A  206    198  GLY A  202       6.8478     1 0 0 1    48      48    0
R   2043   202  THR A  206    206  ASN A  210       6.2569     1 0 0 1     1       1    0
R   2044   203  LEU A  207     27  LEU A   31       9.2765     1 0 0 1    77      77    0
R   2045   203  LEU A  207     30  ALA A   34       8.0051     1 0 0 1    69      69    0
R   2046   203  LEU A  207     31  ILE A   35       7.7148     1 0 0 1   121     121    0
R   2047   203  LEU A  207     33  LYS A   37      11.0775     1 0 0 0  -118     118    0
R   2048   203  LEU A  207     34  GLU A   38       8.7845     1 0 0 1    68      68    0
R   2049   203  LEU A  207    199  ALA A  203       6.4327     1 0 0 0    -7       7    0
R   2056   203  LEU A  207    207  GLY A  211       6.0586     1 0 0 1     1       1    0
R   2057   203  LEU A  207    208  THR A  212       5.0094     1 0 0 1    76      76    0
R   2058   203  LEU A  207    209  TYR A  213       5.3391     1 0 0 1   115     115    0
R   2059   203  LEU A  207    212  ILE A  216       9.8933     0 0 0 1     8       8    0
R   2061   204  ARG A  208     80  GLY A   84      11.9506     1 0 0 1   150     150    0
R   2062   204  ARG A  208     81  TYR A   85       9.6762     1 0 0 0     0       0    0
R   2063   204  ARG A  208    200  LEU A  204       6.4391     1 0 0 0  -108     108    0
R   2070   204  ARG A  208    209  TYR A  213       5.1649     1 0 0 0   -76      76    0
R   2071   205  GLU A  209    201  LYS A  205       6.2081     1 0 0 0   -93      93    0
R   2078   206  ASN A  210     34  GLU A   38      12.0048     0 0 0 1    37      37    0
R   2079   206  ASN A  210    202  THR A  206       6.2569     1 0 0 0   -14      14    0
R   2085   207  GLY A  211    203  LEU A  207       6.0586     1 0 0 1    15      15    0
R   2092   207  GLY A  211    211  GLU A  215       6.7351     1 0 0 0    -3       3    0
R   2093   208  THR A  212     30  ALA A   34       8.3545     1 0 0 1    41      41    0
R   2095   208  THR A  212    203  LEU A  207       5.0094     1 0 0 1    43      43    0
R   2101   208  THR A  212    212  ILE A  216       6.3313     1 0 0 1    11      11    0
R   2102   209  TYR A  213     23  PHE A   27      10.0520     1 0 0 1    42      42    0
R   2103   209  TYR A  213     27  LEU A   31       7.8013     0 0 0 1    66      66    0
R   2104   209  TYR A  213     81  TYR A   85       9.0290     1 0 0 1    37      37    0
R   2105   209  TYR A  213     82  TYR A   86      10.0679     1 0 0 0   -10      10    0
R   2107   209  TYR A  213    200  LEU A  204       8.2880     0 0 0 1    29      29    0
R   2108   209  TYR A  213    203  LEU A  207       5.3391     1 0 0 0   -12      12    0
R   2109   209  TYR A  213    204  ARG A  208       5.1649     1 0 0 0   -61      61    0
R   2115   209  TYR A  213    213  TYR A  217       6.1960     1 0 0 1   140     140    0
R   2123   210  ASN A  214    214  LYS A  218       6.2459     1 0 0 1   130     130    0
R   2124   210  ASN A  214    220  GLU A  224       6.6118     1 0 0 1   130     130    0
R   2125   211  GLU A  215    207  GLY A  211       6.7351     1 0 0 0   -55      55    0
R   2132   211  GLU A  215    215  LYS A  219       6.3076     1 0 0 1    91      91    0
R   2133   212  ILE A  216     23  PHE A   27       6.9838     1 0 0 1    69      69    0
R   2134   212  ILE A  216     26  ASP A   30       7.3368     1 0 0 1     9       9    0
R   2135   212  ILE A  216     27  LEU A   31       7.3870     1 0 0 1    40      40    0
R   2136   212  ILE A  216     30  ALA A   34       9.6432     1 0 0 1    40      40    0
R   2137   212  ILE A  216    203  LEU A  207       9.8933     0 0 0 1     5       5    0
R   2138   212  ILE A  216    208  THR A  212       6.3313     1 0 0 1     5       5    0
R   2145   212  ILE A  216    216  TRP A  220       6.9084     1 0 0 0   -93      93    0
R   2146   213  TYR A  217     23  PHE A   27       7.3202     1 0 0 1    25      25    0
R   2147   213  TYR A  217     82  TYR A   86       9.3341     1 0 0 1   152     152    0
R   2148   213  TYR A  217     83  LYS A   87      11.1591     1 0 0 1    14      14    0
R   2150   213  TYR A  217    158  LEU A  162      10.9610     1 0 0 0   -85      85    0
R   2151   213  TYR A  217    209  TYR A  213       6.1960     1 0 0 0   -54      54    0
R   2158   213  TYR A  217    217  PHE A  221       5.9218     1 0 0 1   206     206    0
R   2159   213  TYR A  217    218  GLY A  222       7.0174     1 0 0 0     0       0    0
R   2160   213  TYR A  217    219  THR A  223       7.3178     1 0 0 0   -71      71    0
R   2161   213  TYR A  217    220  GLU A  224       6.6775     1 0 0 0   -63      63    0
R   2163   214  LYS A  218    210  ASN A  214       6.2459     1 0 0 1    48      48    0
R   2170   214  LYS A  218    218  GLY A  222       4.2987     1 0 0 1   143     143    0
R   2171   214  LYS A  218    219  THR A  223       5.3050     1 0 0 0   -69      69    0
R   2172   214  LYS A  218    220  GLU A  224       6.0830     1 0 0 1    65      65    0
R   2174   215  LYS A  219     26  ASP A   30      10.2745     1 0 0 1   119     119    0
R   2175   215  LYS A  219    162  LYS A  166       9.8739     1 0 0 1   191     191    0
R   2176   215  LYS A  219    211  GLU A  215       6.3076     1 0 0 0   -37      37    0
R   2182   216  TRP A  220     11  PRO A   15       7.0257     1 0 0 1    73      73    0
R   2183   216  TRP A  220     14  PHE A   18      12.5884     1 0 0 1    94      94    0
R   2184   216  TRP A  220     21  VAL A   25      10.4488     1 0 0 1   167     167    0
R   2185   216  TRP A  220     22  GLY A   26       7.5705     1 0 0 0   -17      17    0
R   2186   216  TRP A  220     23  PHE A   27       6.6150     1 0 0 1    10      10    0
R   2187   216  TRP A  220     26  ASP A   30      10.1352     1 0 0 1    64      64    0
R   2188   216  TRP A  220    159  TYR A  163       6.9320     1 0 0 0  -169     169    0
R   2189   216  TRP A  220    162  LYS A  166       8.1763     1 0 0 0   -51      51    0
R   2190   216  TRP A  220    212  ILE A  216       6.9084     1 0 0 0   -64      64    0
R   2196   217  PHE A  221     11  PRO A   15       8.5827     1 0 0 1   120     120    0
R   2197   217  PHE A  221     12  PHE A   16      10.2628     1 0 0 1    63      63    0
R   2198   217  PHE A  221     23  PHE A   27       9.0146     1 0 0 1   155     155    0
R   2199   217  PHE A  221     82  TYR A   86      11.6187     1 0 0 0   -22      22    0
R   2200   217  PHE A  221    155  PRO A  159       7.1752     1 0 0 1    46      46    0
R   2201   217  PHE A  221    158  LEU A  162       5.5996     1 0 0 1     1       1    0
R   2203   217  PHE A  221    162  LYS A  166       6.9201     1 0 0 0   -17      17    0
R   2204   217  PHE A  221    213  TYR A  217       5.9218     1 0 0 1    83      83    0
R   2210   218  GLY A  222    162  LYS A  166       6.7153     1 0 0 0     0       0    0
R   2211   218  GLY A  222    213  TYR A  217       7.0174     1 0 0 1     2       2    0
R   2212   218  GLY A  222    214  LYS A  218       4.2987     1 0 0 1    60      60    0
R   2217   219  THR A  223    213  TYR A  217       7.3178     1 0 0 0   -89      89    0
R   2218   219  THR A  223    214  LYS A  218       5.3050     1 0 0 0   -91      91    0
R   2224   220  GLU A  224    210  ASN A  214       6.6118     1 0 0 1   144     144    0
R   2225   220  GLU A  224    213  TYR A  217       6.6775     1 0 0 0  -113     113    0
R   2226   220  GLU A  224    214  LYS A  218       6.0830     1 0 0 1   124     124    0
