                         CONTACT MAPS FROM PDB FILES                          
                                                                              
 This software is written by:                                                 
       Rodrigo Azevedo Moreira da Silva                                       
                                                                              
 Copyright (c) 2020 - IPPT-PAN                                                
       Institute of Fundamental Techonological Research                       
       Polish Academy of Sciences                                             
 MIT LICENSE, check out LICENSE for more informations.                        
                                                                              
Reading file:    uploads/69ba5d7ce2a5e/7LJB_clean.pdb
pdb natoms:      4022
pdb nresidues:   518
Memory usage:    10.30 MB
UNMAPPED ATOM VAL OXT
UNMAPPED ATOM VAL OXT
Fibonacci grid:  610
ALPHA:           1.24
WATER_RADIUS:    2.80

Residue-Residue Contacts

ID       - atom identification
I1,I2    - serial residue id
AA       - 3-letter code of aminoacid
C        - chain
I(PDB)   - residue number in PDB file
DCA      - distance between CA
CMs      - OV , CSU , oCSU , rCSU
           (CSU does not take into account chemical properties of atoms)
rCSU     - net contact from rCSU
Count    - number of contacts between residues
MODEL    - model number

      ID    I1  AA  C I(PDB)     I2  AA  C I(PDB)        DCA       CMs    rCSU   Count Model
============================================================================================
